Archive member included to satisfy reference by file (symbol)

libbb/lib.a(appletlib.o)      /mnt/md0/miranda/openwrt/staging_dir/toolchain-mips_24kc_gcc-12.3.0_musl/lib/gcc/mips-openwrt-linux-musl/12.3.0/../../../../mips-openwrt-linux-musl/lib/crt1.o (main)
libbb/lib.a(compare_string_array.o)
                              appletlib.o (symbol from plugin) (is_prefixed_with)
libbb/lib.a(default_error_retval.o)
                              appletlib.o (symbol from plugin) (xfunc_error_retval)
libbb/lib.a(get_last_path_component.o)
                              appletlib.o (symbol from plugin) (bb_basename)
libbb/lib.a(last_char_is.o)   get_last_path_component.o (symbol from plugin) (last_char_is)
libbb/lib.a(messages.o)       appletlib.o (symbol from plugin) (bb_banner)
libbb/lib.a(ptr_to_globals.o)
                              appletlib.o (symbol from plugin) (bb_errno)
libbb/lib.a(vfork_daemon_rexec.o)
                              appletlib.o (symbol from plugin) (re_execed_comm)
libbb/lib.a(xfunc_die.o)      appletlib.o (symbol from plugin) (xfunc_die)
libbb/lib.a(xfuncs.o)         appletlib.o (symbol from plugin) (full_write2_str)
libbb/lib.a(xfuncs_printf.o)  vfork_daemon_rexec.o (symbol from plugin) (xopen)
libbb/lib.a(copyfd.o)         xfuncs_printf.o (symbol from plugin) (bb_copyfd_eof)
libbb/lib.a(executable.o)     vfork_daemon_rexec.o (symbol from plugin) (BB_EXECVP)
libbb/lib.a(full_write.o)     xfuncs.o (symbol from plugin) (full_write)
libbb/lib.a(getopt32.o)       vfork_daemon_rexec.o (symbol from plugin) (option_mask32)
libbb/lib.a(llist.o)          getopt32.o (symbol from plugin) (llist_add_to_end)
libbb/lib.a(perror_msg.o)     xfuncs_printf.o (symbol from plugin) (bb_perror_msg)
libbb/lib.a(read.o)           copyfd.o (symbol from plugin) (safe_read)
libbb/lib.a(safe_strncpy.o)   getopt32.o (symbol from plugin) (overlapping_strcpy)
libbb/lib.a(safe_write.o)     full_write.o (symbol from plugin) (safe_write)
libbb/lib.a(signals.o)        xfuncs_printf.o (symbol from plugin) (kill_myself_with_sig)
libbb/lib.a(time.o)           xfuncs_printf.o (symbol from plugin) (monotonic_us)
libbb/lib.a(verror_msg.o)     xfuncs_printf.o (symbol from plugin) (bb_verror_msg)
libbb/lib.a(xatonum.o)        getopt32.o (symbol from plugin) (xatoi_positive)
libbb/lib.a(bb_strtonum.o)    time.o (symbol from plugin) (bb_strtoll)
libbb/lib.a(concat_path_file.o)
                              executable.o (symbol from plugin) (concat_path_file)
loginutils/lib.a(login.o)     appletlib.o (symbol from plugin) (login_main)
loginutils/lib.a(passwd.o)    appletlib.o (symbol from plugin) (passwd_main)
miscutils/lib.a(crond.o)      appletlib.o (symbol from plugin) (crond_main)
miscutils/lib.a(crontab.o)    appletlib.o (symbol from plugin) (crontab_main)
miscutils/lib.a(less.o)       appletlib.o (symbol from plugin) (less_main)
miscutils/lib.a(lock.o)       appletlib.o (symbol from plugin) (lock_main)
miscutils/lib.a(strings.o)    appletlib.o (symbol from plugin) (strings_main)
miscutils/lib.a(time.o)       appletlib.o (symbol from plugin) (time_main)
networking/lib.a(brctl.o)     appletlib.o (symbol from plugin) (brctl_main)
networking/lib.a(ifconfig.o)  appletlib.o (symbol from plugin) (ifconfig_main)
networking/lib.a(interface.o)
                              ifconfig.o (symbol from plugin) (display_interfaces)
networking/lib.a(ip.o)        appletlib.o (symbol from plugin) (ip_main)
networking/lib.a(nc.o)        appletlib.o (symbol from plugin) (nc_main)
networking/lib.a(netmsg.o)    appletlib.o (symbol from plugin) (netmsg_main)
networking/lib.a(netstat.o)   appletlib.o (symbol from plugin) (netstat_main)
networking/lib.a(nslookup.o)  appletlib.o (symbol from plugin) (nslookup_main)
networking/lib.a(ntpd.o)      appletlib.o (symbol from plugin) (ntpd_main)
networking/lib.a(ping.o)      appletlib.o (symbol from plugin) (ping_main)
networking/lib.a(route.o)     netstat.o (symbol from plugin) (bb_displayroutes)
networking/lib.a(traceroute.o)
                              appletlib.o (symbol from plugin) (traceroute_main)
networking/libiproute/lib.a(ip_parse_common_args.o)
                              ip.o (symbol from plugin) (ip_parse_common_args)
networking/libiproute/lib.a(ipaddress.o)
                              ip.o (symbol from plugin) (do_ipaddr)
networking/libiproute/lib.a(iplink.o)
                              ip.o (symbol from plugin) (do_iplink)
networking/libiproute/lib.a(ipneigh.o)
                              ip.o (symbol from plugin) (do_ipneigh)
networking/libiproute/lib.a(iproute.o)
                              ip.o (symbol from plugin) (do_iproute)
networking/libiproute/lib.a(iprule.o)
                              ip.o (symbol from plugin) (do_iprule)
networking/libiproute/lib.a(libnetlink.o)
                              ipaddress.o (symbol from plugin) (xrtnl_open)
networking/libiproute/lib.a(ll_addr.o)
                              ipaddress.o (symbol from plugin) (ll_addr_n2a)
[...]
Memory Configuration

Name             Origin             Length             Attributes
*default*        0x00000000         0xffffffff

Linker script and memory map

LOAD /mnt/md0/miranda/openwrt/staging_dir/toolchain-mips_24kc_gcc-12.3.0_musl/lib/gcc/mips-openwrt-linux-musl/12.3.0/../../../../mips-openwrt-linux-musl/lib/crt1.o
LOAD /mnt/md0/miranda/openwrt/staging_dir/toolchain-mips_24kc_gcc-12.3.0_musl/lib/gcc/mips-openwrt-linux-musl/12.3.0/../../../../mips-openwrt-linux-musl/lib/crti.o
LOAD /mnt/md0/miranda/openwrt/staging_dir/toolchain-mips_24kc_gcc-12.3.0_musl/lib/gcc/mips-openwrt-linux-musl/12.3.0/crtbegin.o
START GROUP
LOAD applets/built-in.o
LOAD /mnt/md0/miranda/openwrt/tmp/cca1aXTG.ltrans0.ltrans.o
LOAD /mnt/md0/miranda/openwrt/tmp/cca1aXTG.ltrans1.ltrans.o
LOAD /mnt/md0/miranda/openwrt/tmp/cca1aXTG.ltrans2.ltrans.o
LOAD /mnt/md0/miranda/openwrt/tmp/cca1aXTG.ltrans3.ltrans.o
LOAD /mnt/md0/miranda/openwrt/tmp/cca1aXTG.ltrans4.ltrans.o
LOAD /mnt/md0/miranda/openwrt/tmp/cca1aXTG.ltrans5.ltrans.o
LOAD /mnt/md0/miranda/openwrt/tmp/cca1aXTG.ltrans6.ltrans.o
LOAD /mnt/md0/miranda/openwrt/tmp/cca1aXTG.ltrans7.ltrans.o
LOAD archival/lib.a
LOAD archival/libarchive/lib.a
LOAD console-tools/lib.a
LOAD coreutils/lib.a
LOAD coreutils/libcoreutils/lib.a
LOAD debianutils/lib.a
LOAD klibc-utils/lib.a
LOAD e2fsprogs/lib.a
LOAD editors/lib.a
LOAD findutils/lib.a
LOAD init/lib.a
LOAD libbb/lib.a
LOAD libpwdgrp/lib.a
LOAD loginutils/lib.a
LOAD mailutils/lib.a
LOAD miscutils/lib.a
LOAD modutils/lib.a
LOAD networking/lib.a
LOAD networking/libiproute/lib.a
LOAD networking/udhcp/lib.a
LOAD printutils/lib.a
LOAD procps/lib.a
LOAD runit/lib.a
LOAD selinux/lib.a
LOAD shell/lib.a
LOAD sysklogd/lib.a
LOAD util-linux/lib.a
LOAD util-linux/volume_id/lib.a
LOAD archival/built-in.o
LOAD archival/libarchive/built-in.o
LOAD console-tools/built-in.o
LOAD coreutils/built-in.o
LOAD coreutils/libcoreutils/built-in.o
LOAD debianutils/built-in.o
LOAD klibc-utils/built-in.o
LOAD e2fsprogs/built-in.o
LOAD editors/built-in.o
LOAD findutils/built-in.o
LOAD init/built-in.o
LOAD libbb/built-in.o
LOAD libpwdgrp/built-in.o
LOAD loginutils/built-in.o
LOAD mailutils/built-in.o
LOAD miscutils/built-in.o
LOAD modutils/built-in.o
LOAD networking/built-in.o
LOAD networking/libiproute/built-in.o
LOAD networking/udhcp/built-in.o
LOAD printutils/built-in.o
LOAD procps/built-in.o
LOAD runit/built-in.o
LOAD selinux/built-in.o
LOAD shell/built-in.o
LOAD sysklogd/built-in.o
LOAD util-linux/built-in.o
LOAD util-linux/volume_id/built-in.o
END GROUP
LOAD /mnt/md0/miranda/openwrt/staging_dir/toolchain-mips_24kc_gcc-12.3.0_musl/lib/libssp_nonshared.a
LOAD /mnt/md0/miranda/openwrt/staging_dir/toolchain-mips_24kc_gcc-12.3.0_musl/lib/libgcc_s.so
START GROUP
LOAD /mnt/md0/miranda/openwrt/staging_dir/toolchain-mips_24kc_gcc-12.3.0_musl/lib/libgcc_s.so.1
LOAD /mnt/md0/miranda/openwrt/staging_dir/toolchain-mips_24kc_gcc-12.3.0_musl/lib/gcc/mips-openwrt-linux-musl/12.3.0/libgcc.a
END GROUP
LOAD /mnt/md0/miranda/openwrt/staging_dir/toolchain-mips_24kc_gcc-12.3.0_musl/lib/libc.so
LOAD /mnt/md0/miranda/openwrt/staging_dir/toolchain-mips_24kc_gcc-12.3.0_musl/lib/libgcc_s.so
START GROUP
LOAD /mnt/md0/miranda/openwrt/staging_dir/toolchain-mips_24kc_gcc-12.3.0_musl/lib/libgcc_s.so.1
LOAD /mnt/md0/miranda/openwrt/staging_dir/toolchain-mips_24kc_gcc-12.3.0_musl/lib/gcc/mips-openwrt-linux-musl/12.3.0/libgcc.a
END GROUP
LOAD /mnt/md0/miranda/openwrt/staging_dir/toolchain-mips_24kc_gcc-12.3.0_musl/lib/gcc/mips-openwrt-linux-musl/12.3.0/crtend.o
LOAD /mnt/md0/miranda/openwrt/staging_dir/toolchain-mips_24kc_gcc-12.3.0_musl/lib/gcc/mips-openwrt-linux-musl/12.3.0/../../../../mips-openwrt-linux-musl/lib/crtn.o
                [!provide]                        PROVIDE (__executable_start = SEGMENT_START ("text-segment", 0x400000))
                0x00400154                        . = (SEGMENT_START ("text-segment", 0x400000) + SIZEOF_HEADERS)

.interp         0x00400154       0x1a
 *(SORT_BY_ALIGNMENT(.interp))
 .interp        0x00400154       0x1a /mnt/md0/miranda/openwrt/staging_dir/toolchain-mips_24kc_gcc-12.3.0_musl/lib/gcc/mips-openwrt-linux-musl/12.3.0/../../../../mips-openwrt-linux-musl/lib/crt1.o

.MIPS.abiflags  0x00400170       0x18
 *(SORT_BY_ALIGNMENT(.MIPS.abiflags))
 .MIPS.abiflags
                0x00400170       0x18 /mnt/md0/miranda/openwrt/staging_dir/toolchain-mips_24kc_gcc-12.3.0_musl/lib/gcc/mips-openwrt-linux-musl/12.3.0/../../../../mips-openwrt-linux-musl/lib/crt1.o

.reginfo
 *(SORT_BY_ALIGNMENT(.reginfo))

.MIPS.xhash
 *(SORT_BY_ALIGNMENT(.MIPS.xhash))

.note.gnu.build-id
 *(SORT_BY_ALIGNMENT(.note.gnu.build-id))

.dynamic        0x00400188      0x150
 *(SORT_BY_ALIGNMENT(.dynamic))
 .dynamic       0x00400188      0x150 /mnt/md0/miranda/openwrt/staging_dir/toolchain-mips_24kc_gcc-12.3.0_musl/lib/gcc/mips-openwrt-linux-musl/12.3.0/../../../../mips-openwrt-linux-musl/lib/crt1.o
                0x00400188                _DYNAMIC

.hash           0x004002d8      0x980
 *(SORT_BY_ALIGNMENT(.hash))
 .hash          0x004002d8      0x980 /mnt/md0/miranda/openwrt/staging_dir/toolchain-mips_24kc_gcc-12.3.0_musl/lib/gcc/mips-openwrt-linux-musl/12.3.0/../../../../mips-openwrt-linux-musl/lib/crt1.o

.gnu.hash
 *(SORT_BY_ALIGNMENT(.gnu.hash))

.dynsym         0x00400c58     0x1570
 *(SORT_BY_ALIGNMENT(.dynsym))
 .dynsym        0x00400c58     0x1570 /mnt/md0/miranda/openwrt/staging_dir/toolchain-mips_24kc_gcc-12.3.0_musl/lib/gcc/mips-openwrt-linux-musl/12.3.0/../../../../mips-openwrt-linux-musl/lib/crt1.o

.dynstr         0x004021c8      0xba2
 *(SORT_BY_ALIGNMENT(.dynstr))
 .dynstr        0x004021c8      0xba2 /mnt/md0/miranda/openwrt/staging_dir/toolchain-mips_24kc_gcc-12.3.0_musl/lib/gcc/mips-openwrt-linux-musl/12.3.0/../../../../mips-openwrt-linux-musl/lib/crt1.o

.gnu.version    0x00402d6a      0x2ae
 *(SORT_BY_ALIGNMENT(.gnu.version))
 .gnu.version   0x00402d6a      0x2ae /mnt/md0/miranda/openwrt/staging_dir/toolchain-mips_24kc_gcc-12.3.0_musl/lib/gcc/mips-openwrt-linux-musl/12.3.0/../../../../mips-openwrt-linux-musl/lib/crt1.o

.gnu.version_d  0x00403018        0x0
 *(SORT_BY_ALIGNMENT(.gnu.version_d))
 .gnu.version_d
                0x00403018        0x0 /mnt/md0/miranda/openwrt/staging_dir/toolchain-mips_24kc_gcc-12.3.0_musl/lib/gcc/mips-openwrt-linux-musl/12.3.0/../../../../mips-openwrt-linux-musl/lib/crt1.o

.gnu.version_r  0x00403018       0x50
 *(SORT_BY_ALIGNMENT(.gnu.version_r))
 .gnu.version_r
                0x00403018       0x50 /mnt/md0/miranda/openwrt/staging_dir/toolchain-mips_24kc_gcc-12.3.0_musl/lib/gcc/mips-openwrt-linux-musl/12.3.0/../../../../mips-openwrt-linux-musl/lib/crt1.o

.rel.dyn        0x00403068       0x40
 *(SORT_BY_ALIGNMENT(.rel.init))
 *(SORT_BY_ALIGNMENT(.rel.text) SORT_BY_ALIGNMENT(.rel.text.*) SORT_BY_ALIGNMENT(.rel.gnu.linkonce.t.*))
 *(SORT_BY_ALIGNMENT(.rel.fini))
 *(SORT_BY_ALIGNMENT(.rel.rodata) SORT_BY_ALIGNMENT(.rel.rodata.*) SORT_BY_ALIGNMENT(.rel.gnu.linkonce.r.*))
 *(SORT_BY_ALIGNMENT(.rel.data.rel.ro) SORT_BY_ALIGNMENT(.rel.data.rel.ro.*) SORT_BY_ALIGNMENT(.rel.gnu.linkonce.d.rel.ro.*))
 .rel.data.rel.ro
                0x00403068        0x0 /mnt/md0/miranda/openwrt/staging_dir/toolchain-mips_24kc_gcc-12.3.0_musl/lib/gcc/mips-openwrt-linux-musl/12.3.0/../../../../mips-openwrt-linux-musl/lib/crt1.o
 *(SORT_BY_ALIGNMENT(.rel.data) SORT_BY_ALIGNMENT(.rel.data.*) SORT_BY_ALIGNMENT(.rel.gnu.linkonce.d.*))
 *(SORT_BY_ALIGNMENT(.rel.tdata) SORT_BY_ALIGNMENT(.rel.tdata.*) SORT_BY_ALIGNMENT(.rel.gnu.linkonce.td.*))
 *(SORT_BY_ALIGNMENT(.rel.tbss) SORT_BY_ALIGNMENT(.rel.tbss.*) SORT_BY_ALIGNMENT(.rel.gnu.linkonce.tb.*))
 *(SORT_BY_ALIGNMENT(.rel.ctors))
 *(SORT_BY_ALIGNMENT(.rel.dtors))
 *(SORT_BY_ALIGNMENT(.rel.got))
 *(SORT_BY_ALIGNMENT(.rel.dyn))
 .rel.dyn       0x00403068       0x40 /mnt/md0/miranda/openwrt/staging_dir/toolchain-mips_24kc_gcc-12.3.0_musl/lib/gcc/mips-openwrt-linux-musl/12.3.0/../../../../mips-openwrt-linux-musl/lib/crt1.o
 *(SORT_BY_ALIGNMENT(.rel.sdata) SORT_BY_ALIGNMENT(.rel.sdata.*) SORT_BY_ALIGNMENT(.rel.gnu.linkonce.s.*))
 *(SORT_BY_ALIGNMENT(.rel.sbss) SORT_BY_ALIGNMENT(.rel.sbss.*) SORT_BY_ALIGNMENT(.rel.gnu.linkonce.sb.*))
 *(SORT_BY_ALIGNMENT(.rel.sdata2) SORT_BY_ALIGNMENT(.rel.sdata2.*) SORT_BY_ALIGNMENT(.rel.gnu.linkonce.s2.*))
 *(SORT_BY_ALIGNMENT(.rel.sbss2) SORT_BY_ALIGNMENT(.rel.sbss2.*) SORT_BY_ALIGNMENT(.rel.gnu.linkonce.sb2.*))
 *(SORT_BY_ALIGNMENT(.rel.bss) SORT_BY_ALIGNMENT(.rel.bss.*) SORT_BY_ALIGNMENT(.rel.gnu.linkonce.b.*))
 .rel.bss       0x004030a8        0x0 /mnt/md0/miranda/openwrt/staging_dir/toolchain-mips_24kc_gcc-12.3.0_musl/lib/gcc/mips-openwrt-linux-musl/12.3.0/../../../../mips-openwrt-linux-musl/lib/crt1.o
                [!provide]                        PROVIDE (__rel_iplt_start = .)
 *(SORT_BY_ALIGNMENT(.rel.iplt))
                [!provide]                        PROVIDE (__rel_iplt_end = .)

.rela.dyn       0x004030a8        0x0
 *(SORT_BY_ALIGNMENT(.rela.init))
 *(SORT_BY_ALIGNMENT(.rela.text) SORT_BY_ALIGNMENT(.rela.text.*) SORT_BY_ALIGNMENT(.rela.gnu.linkonce.t.*))
 *(SORT_BY_ALIGNMENT(.rela.fini))
 *(SORT_BY_ALIGNMENT(.rela.rodata) SORT_BY_ALIGNMENT(.rela.rodata.*) SORT_BY_ALIGNMENT(.rela.gnu.linkonce.r.*))
 *(SORT_BY_ALIGNMENT(.rela.data) SORT_BY_ALIGNMENT(.rela.data.*) SORT_BY_ALIGNMENT(.rela.gnu.linkonce.d.*))
 *(SORT_BY_ALIGNMENT(.rela.tdata) SORT_BY_ALIGNMENT(.rela.tdata.*) SORT_BY_ALIGNMENT(.rela.gnu.linkonce.td.*))
 *(SORT_BY_ALIGNMENT(.rela.tbss) SORT_BY_ALIGNMENT(.rela.tbss.*) SORT_BY_ALIGNMENT(.rela.gnu.linkonce.tb.*))
 *(SORT_BY_ALIGNMENT(.rela.ctors))
 *(SORT_BY_ALIGNMENT(.rela.dtors))
 *(SORT_BY_ALIGNMENT(.rela.got))
 *(SORT_BY_ALIGNMENT(.rela.sdata) SORT_BY_ALIGNMENT(.rela.sdata.*) SORT_BY_ALIGNMENT(.rela.gnu.linkonce.s.*))
 *(SORT_BY_ALIGNMENT(.rela.sbss) SORT_BY_ALIGNMENT(.rela.sbss.*) SORT_BY_ALIGNMENT(.rela.gnu.linkonce.sb.*))
 *(SORT_BY_ALIGNMENT(.rela.sdata2) SORT_BY_ALIGNMENT(.rela.sdata2.*) SORT_BY_ALIGNMENT(.rela.gnu.linkonce.s2.*))
 *(SORT_BY_ALIGNMENT(.rela.sbss2) SORT_BY_ALIGNMENT(.rela.sbss2.*) SORT_BY_ALIGNMENT(.rela.gnu.linkonce.sb2.*))
 *(SORT_BY_ALIGNMENT(.rela.bss) SORT_BY_ALIGNMENT(.rela.bss.*) SORT_BY_ALIGNMENT(.rela.gnu.linkonce.b.*))
                [!provide]                        PROVIDE (__rela_iplt_start = .)
 *(SORT_BY_ALIGNMENT(.rela.iplt))
                [!provide]                        PROVIDE (__rela_iplt_end = .)

.rel.plt        0x004030a8      0xa58
 *(SORT_BY_ALIGNMENT(.rel.plt))
 .rel.plt       0x004030a8      0xa58 /mnt/md0/miranda/openwrt/staging_dir/toolchain-mips_24kc_gcc-12.3.0_musl/lib/gcc/mips-openwrt-linux-musl/12.3.0/../../../../mips-openwrt-linux-musl/lib/crt1.o

.rela.plt
 *(SORT_BY_ALIGNMENT(.rela.plt))

.init           0x00403b00       0x1c
 *(SORT_NONE(.init))
 .init          0x00403b00        0xc /mnt/md0/miranda/openwrt/staging_dir/toolchain-mips_24kc_gcc-12.3.0_musl/lib/gcc/mips-openwrt-linux-musl/12.3.0/../../../../mips-openwrt-linux-musl/lib/crti.o
                0x00403b00                _init
 .init          0x00403b0c       0x10 /mnt/md0/miranda/openwrt/staging_dir/toolchain-mips_24kc_gcc-12.3.0_musl/lib/gcc/mips-openwrt-linux-musl/12.3.0/../../../../mips-openwrt-linux-musl/lib/crtn.o

.text           0x00403b20    0x387d0
                0x00403b20                        _ftext = .
 *(SORT_BY_ALIGNMENT(.text.unlikely) SORT_BY_ALIGNMENT(.text.*_unlikely) SORT_BY_ALIGNMENT(.text.unlikely.*))
 *(SORT_BY_ALIGNMENT(.text.exit) SORT_BY_ALIGNMENT(.text.exit.*))
 *(SORT_BY_ALIGNMENT(.text.startup) SORT_BY_ALIGNMENT(.text.startup.*))
 *(SORT_BY_ALIGNMENT(.text.hot) SORT_BY_ALIGNMENT(.text.hot.*))
 *(SORT_BY_NAME(SORT_BY_ALIGNMENT(.text.sorted.*)))
 *(SORT_BY_ALIGNMENT(.text) SORT_BY_ALIGNMENT(.stub) SORT_BY_ALIGNMENT(.text.*) SORT_BY_ALIGNMENT(.gnu.linkonce.t.*))
 .text          0x00403b20       0x40 /mnt/md0/miranda/openwrt/staging_dir/toolchain-mips_24kc_gcc-12.3.0_musl/lib/gcc/mips-openwrt-linux-musl/12.3.0/../../../../mips-openwrt-linux-musl/lib/crt1.o
                0x00403b20                __start
                0x00403b20                _start
 .text          0x00403b60       0x90 /mnt/md0/miranda/openwrt/staging_dir/toolchain-mips_24kc_gcc-12.3.0_musl/lib/gcc/mips-openwrt-linux-musl/12.3.0/crtbegin.o
 .text.my_SQRT  0x00403bf0       0x88 /mnt/md0/miranda/openwrt/tmp/cca1aXTG.ltrans0.ltrans.o
 .text.bb_full_fd_action.lto_priv.0
                0x00403c78      0x150 /mnt/md0/miranda/openwrt/tmp/cca1aXTG.ltrans0.ltrans.o
                0x00403c79                bb_full_fd_action.lto_priv.0
 .text.passwd_main
                0x00403dc8      0x4e0 /mnt/md0/miranda/openwrt/tmp/cca1aXTG.ltrans0.ltrans.o
 .text.brctl_main
                0x004042a8      0x600 /mnt/md0/miranda/openwrt/tmp/cca1aXTG.ltrans0.ltrans.o
 .text.gettime1900d.lto_priv.0
                0x004048a8       0x68 /mnt/md0/miranda/openwrt/tmp/cca1aXTG.ltrans0.ltrans.o
                0x004048a9                gettime1900d.lto_priv.0
 .text.lfp_to_d.lto_priv.0
                0x00404910       0x50 /mnt/md0/miranda/openwrt/tmp/cca1aXTG.ltrans0.ltrans.o
                0x00404911                lfp_to_d.lto_priv.0
 .text.sfp_to_d.lto_priv.0
                0x00404960       0x58 /mnt/md0/miranda/openwrt/tmp/cca1aXTG.ltrans0.ltrans.o
                0x00404961                sfp_to_d.lto_priv.0
 .text.d_to_lfp.lto_priv.0
                0x004049b8       0x58 /mnt/md0/miranda/openwrt/tmp/cca1aXTG.ltrans0.ltrans.o
                0x004049b9                d_to_lfp.lto_priv.0
 .text.d_to_sfp.lto_priv.0
                0x00404a10       0x58 /mnt/md0/miranda/openwrt/tmp/cca1aXTG.ltrans0.ltrans.o
                0x00404a11                d_to_sfp.lto_priv.0
 .text.filter_datapoints.lto_priv.0
                0x00404a68      0x180 /mnt/md0/miranda/openwrt/tmp/cca1aXTG.ltrans0.ltrans.o
                0x00404a69                filter_datapoints.lto_priv.0
 .text.step_time
                0x00404be8      0x260 /mnt/md0/miranda/openwrt/tmp/cca1aXTG.ltrans0.ltrans.o
 .text.select_and_cluster.lto_priv.0
                0x00404e48      0x5b0 /mnt/md0/miranda/openwrt/tmp/cca1aXTG.ltrans0.ltrans.o
                0x00404e49                select_and_cluster.lto_priv.0
 .text.update_local_clock.lto_priv.0
                0x004053f8      0x398 /mnt/md0/miranda/openwrt/tmp/cca1aXTG.ltrans0.ltrans.o
                0x004053f9                update_local_clock.lto_priv.0
 .text.recv_and_process_peer_pkt
                0x00405790      0x3d0 /mnt/md0/miranda/openwrt/tmp/cca1aXTG.ltrans1.ltrans.o
 .text.ntp_init
                0x00405b60      0x298 /mnt/md0/miranda/openwrt/tmp/cca1aXTG.ltrans1.ltrans.o
 .text.ntpd_main
                0x00405df8      0x458 /mnt/md0/miranda/openwrt/tmp/cca1aXTG.ltrans1.ltrans.o
                0x00405df9                ntpd_main
 .text.subevalvar
                0x00406250      0x600 /mnt/md0/miranda/openwrt/tmp/cca1aXTG.ltrans2.ltrans.o
 .text.hexdump_main
                0x00406850      0x1a0 /mnt/md0/miranda/openwrt/tmp/cca1aXTG.ltrans3.ltrans.o
                0x00406851                hexdump_main
 .text.mkswap_main
                0x004069f0      0x160 /mnt/md0/miranda/openwrt/tmp/cca1aXTG.ltrans3.ltrans.o
                0x004069f1                mkswap_main
 .text.nice_main
                0x00406b50       0xf0 /mnt/md0/miranda/openwrt/tmp/cca1aXTG.ltrans5.ltrans.o
                0x00406b51                nice_main
 .text.conv_strtod
                0x00406c40       0x38 /mnt/md0/miranda/openwrt/tmp/cca1aXTG.ltrans5.ltrans.o
 .text.getvar_i
                0x00406c78       0x70 /mnt/md0/miranda/openwrt/tmp/cca1aXTG.ltrans5.ltrans.o
 .text.getvar_i_int
                0x00406ce8       0x48 /mnt/md0/miranda/openwrt/tmp/cca1aXTG.ltrans5.ltrans.o
 .text.istrue   0x00406d30       0x48 /mnt/md0/miranda/openwrt/tmp/cca1aXTG.ltrans5.ltrans.o
 .text.seq_main
                0x00406d78      0x1b8 /mnt/md0/miranda/openwrt/tmp/cca1aXTG.ltrans5.ltrans.o
                0x00406d79                seq_main
 .text.incvar   0x00406f30       0x30 /mnt/md0/miranda/openwrt/tmp/cca1aXTG.ltrans5.ltrans.o
 .text.next_input_file
                0x00406f60       0xc0 /mnt/md0/miranda/openwrt/tmp/cca1aXTG.ltrans5.ltrans.o
 .text.evaluate.lto_priv.0
                0x00407020      0xc98 /mnt/md0/miranda/openwrt/tmp/cca1aXTG.ltrans5.ltrans.o
                0x00407021                evaluate.lto_priv.0
 .text.exec_builtin
                0x00407cb8      0x3d0 /mnt/md0/miranda/openwrt/tmp/cca1aXTG.ltrans5.ltrans.o
 .text.awk_main
                0x00408088      0x358 /mnt/md0/miranda/openwrt/tmp/cca1aXTG.ltrans5.ltrans.o
                0x00408089                awk_main
 .text.file_insert
                0x004083e0      0x110 /mnt/md0/miranda/openwrt/tmp/cca1aXTG.ltrans6.ltrans.o
 .text._start_c
                0x004084f0       0x40 /mnt/md0/miranda/openwrt/staging_dir/toolchain-mips_24kc_gcc-12.3.0_musl/lib/gcc/mips-openwrt-linux-musl/12.3.0/../../../../mips-openwrt-linux-musl/lib/crt1.o
                0x004084f0                _start_c
 .text.record_signo
                0x00408530        0xc /mnt/md0/miranda/openwrt/tmp/cca1aXTG.ltrans0.ltrans.o
                0x00408531                record_signo
 .text.at_end   0x0040853c       0x1c /mnt/md0/miranda/openwrt/tmp/cca1aXTG.ltrans0.ltrans.o
 .text.cap_cur_fline
                0x00408558       0x28 /mnt/md0/miranda/openwrt/tmp/cca1aXTG.ltrans0.ltrans.o
 .text.ptok     0x00408580       0x28 /mnt/md0/miranda/openwrt/tmp/cca1aXTG.ltrans0.ltrans.o
 .text.prg_cache_get
                0x004085a8       0x30 /mnt/md0/miranda/openwrt/tmp/cca1aXTG.ltrans0.ltrans.o
 .text.compare_point_edge
                0x004085d8       0x3c /mnt/md0/miranda/openwrt/tmp/cca1aXTG.ltrans0.ltrans.o
 .text.compare_survivor_metric
                0x00408614       0x3c /mnt/md0/miranda/openwrt/tmp/cca1aXTG.ltrans0.ltrans.o
 .text.bb_get_last_path_component_nostrip
                0x00408650       0x20 /mnt/md0/miranda/openwrt/tmp/cca1aXTG.ltrans0.ltrans.o
 .text.jump     0x00408670       0x1c /mnt/md0/miranda/openwrt/tmp/cca1aXTG.ltrans0.ltrans.o
 .text.delete_cronfile
                0x0040868c       0x70 /mnt/md0/miranda/openwrt/tmp/cca1aXTG.ltrans0.ltrans.o
 .text.clear_line
                0x004086fc       0x1c /mnt/md0/miranda/openwrt/tmp/cca1aXTG.ltrans0.ltrans.o
 .text.print_statusline
                0x00408718       0x24 /mnt/md0/miranda/openwrt/tmp/cca1aXTG.ltrans0.ltrans.o
 .text.show_bridge_timer
                0x0040873c       0x50 /mnt/md0/miranda/openwrt/tmp/cca1aXTG.ltrans0.ltrans.o
 .text.print_bytes_scaled
                0x0040878c       0x60 /mnt/md0/miranda/openwrt/tmp/cca1aXTG.ltrans0.ltrans.o
 .text.status_print
                0x004087ec       0x58 /mnt/md0/miranda/openwrt/tmp/cca1aXTG.ltrans0.ltrans.o
 .text.exit_unlock
                0x00408844       0x18 /mnt/md0/miranda/openwrt/tmp/cca1aXTG.ltrans0.ltrans.o
 .text.lock_main
                0x0040885c      0x1e8 /mnt/md0/miranda/openwrt/tmp/cca1aXTG.ltrans0.ltrans.o
 .text.compare_fdbs
                0x00408a44        0xc /mnt/md0/miranda/openwrt/tmp/cca1aXTG.ltrans0.ltrans.o
 .text.add_ns   0x00408a50       0x3c /mnt/md0/miranda/openwrt/tmp/cca1aXTG.ltrans0.ltrans.o
 .text.INET_sprint
                0x00408a8c       0x2c /mnt/md0/miranda/openwrt/tmp/cca1aXTG.ltrans0.ltrans.o
 .text.INET_input
                0x00408ab8        0xc /mnt/md0/miranda/openwrt/tmp/cca1aXTG.ltrans0.ltrans.o
 .text.INET6_input
                0x00408ac4        0xc /mnt/md0/miranda/openwrt/tmp/cca1aXTG.ltrans0.ltrans.o
 .text.netmsg_main
                0x00408ad0      0x108 /mnt/md0/miranda/openwrt/tmp/cca1aXTG.ltrans0.ltrans.o
 .text.build_ipv6_addr
                0x00408bd8       0x54 /mnt/md0/miranda/openwrt/tmp/cca1aXTG.ltrans0.ltrans.o
 .text.scan_inet_proc_line
                0x00408c2c       0x90 /mnt/md0/miranda/openwrt/tmp/cca1aXTG.ltrans0.ltrans.o
 .text.parse_reply
                0x00408cbc      0x348 /mnt/md0/miranda/openwrt/tmp/cca1aXTG.ltrans0.ltrans.o
 .text.add_query
                0x00409004       0x54 /mnt/md0/miranda/openwrt/tmp/cca1aXTG.ltrans0.ltrans.o
 .text.string_array_len
                0x00409058       0x10 /mnt/md0/miranda/openwrt/tmp/cca1aXTG.ltrans0.ltrans.o
                0x00409059                string_array_len
 .text.find_applet_by_name
                0x00409068       0x7c /mnt/md0/miranda/openwrt/tmp/cca1aXTG.ltrans0.ltrans.o
                0x00409069                find_applet_by_name
 .text.is_prefixed_with
                0x004090e4       0x18 /mnt/md0/miranda/openwrt/tmp/cca1aXTG.ltrans0.ltrans.o
                0x004090e5                is_prefixed_with
 .text.index_in_strings
                0x004090fc       0x28 /mnt/md0/miranda/openwrt/tmp/cca1aXTG.ltrans0.ltrans.o
                0x004090fd                index_in_strings
 .text.index_in_substrings
                0x00409124       0x58 /mnt/md0/miranda/openwrt/tmp/cca1aXTG.ltrans0.ltrans.o
                0x00409125                index_in_substrings
 .text.nth_string
                0x0040917c       0x14 /mnt/md0/miranda/openwrt/tmp/cca1aXTG.ltrans0.ltrans.o
                0x0040917d                nth_string
 .text.bb_basename
                0x00409190       0x14 /mnt/md0/miranda/openwrt/tmp/cca1aXTG.ltrans0.ltrans.o
                0x00409191                bb_basename
 .text.last_char_is
                0x004091a4       0x20 /mnt/md0/miranda/openwrt/tmp/cca1aXTG.ltrans0.ltrans.o
                0x004091a5                last_char_is
 .text.bb_get_last_path_component_strip
                0x004091c4       0x28 /mnt/md0/miranda/openwrt/tmp/cca1aXTG.ltrans0.ltrans.o
                0x004091c5                bb_get_last_path_component_strip
 .text.unix_do_one
                0x004091ec      0x250 /mnt/md0/miranda/openwrt/tmp/cca1aXTG.ltrans0.ltrans.o
 .text.xfunc_die
                0x0040943c       0x1c /mnt/md0/miranda/openwrt/tmp/cca1aXTG.ltrans0.ltrans.o
                0x0040943d                xfunc_die
 .text.bb_show_usage
                0x00409458       0x8c /mnt/md0/miranda/openwrt/tmp/cca1aXTG.ltrans0.ltrans.o
                0x00409459                bb_show_usage
 .text.show_usage_if_dash_dash_help
                0x004094e4       0x40 /mnt/md0/miranda/openwrt/tmp/cca1aXTG.ltrans0.ltrans.o
 .text.ip_print_help
                0x00409524        0x8 /mnt/md0/miranda/openwrt/tmp/cca1aXTG.ltrans0.ltrans.o
 .text.ip_main  0x0040952c       0xd0 /mnt/md0/miranda/openwrt/tmp/cca1aXTG.ltrans0.ltrans.o
 .text.run_applet_no_and_exit
                0x004095fc       0x3c /mnt/md0/miranda/openwrt/tmp/cca1aXTG.ltrans0.ltrans.o
 .text.main     0x00409638       0xa4 /mnt/md0/miranda/openwrt/tmp/cca1aXTG.ltrans0.ltrans.o
                0x00409639                main
 .text.ndelay_on
                0x004096dc       0x24 /mnt/md0/miranda/openwrt/tmp/cca1aXTG.ltrans0.ltrans.o
                0x004096dd                ndelay_on
 .text.close_on_exec_on
                0x00409700       0x10 /mnt/md0/miranda/openwrt/tmp/cca1aXTG.ltrans0.ltrans.o
                0x00409701                close_on_exec_on
 .text.utoa_to_buf
                0x00409710       0x4c /mnt/md0/miranda/openwrt/tmp/cca1aXTG.ltrans0.ltrans.o
                0x00409711                utoa_to_buf
 .text.utoa     0x0040975c       0x18 /mnt/md0/miranda/openwrt/tmp/cca1aXTG.ltrans0.ltrans.o
                0x0040975d                utoa
 .text.itoa     0x00409774       0x30 /mnt/md0/miranda/openwrt/tmp/cca1aXTG.ltrans0.ltrans.o
                0x00409775                itoa
 .text.bin2hex  0x004097a4       0x50 /mnt/md0/miranda/openwrt/tmp/cca1aXTG.ltrans0.ltrans.o
                0x004097a5                bin2hex
 .text.get_terminal_width_height
                0x004097f4       0x80 /mnt/md0/miranda/openwrt/tmp/cca1aXTG.ltrans0.ltrans.o
                0x004097f5                get_terminal_width_height
 .text.is_TERM_dumb
                0x00409874       0x2c /mnt/md0/miranda/openwrt/tmp/cca1aXTG.ltrans0.ltrans.o
                0x00409875                is_TERM_dumb
 .text.safe_waitpid
                0x004098a0       0x28 /mnt/md0/miranda/openwrt/tmp/cca1aXTG.ltrans0.ltrans.o
                0x004098a1                safe_waitpid
 .text.wait4pid
                0x004098c8       0x40 /mnt/md0/miranda/openwrt/tmp/cca1aXTG.ltrans0.ltrans.o
 .text._exit_SUCCESS
                0x00409908        0x8 /mnt/md0/miranda/openwrt/tmp/cca1aXTG.ltrans0.ltrans.o
                0x00409909                _exit_SUCCESS
 .text.fflush_all
                0x00409910        0xc /mnt/md0/miranda/openwrt/tmp/cca1aXTG.ltrans0.ltrans.o
                0x00409911                fflush_all
 .text.run_nofork_applet
                0x0040991c      0x19c /mnt/md0/miranda/openwrt/tmp/cca1aXTG.ltrans0.ltrans.o
 .text.spawn    0x00409ab8       0x50 /mnt/md0/miranda/openwrt/tmp/cca1aXTG.ltrans0.ltrans.o
 .text.spawn_and_wait
                0x00409b08       0xa4 /mnt/md0/miranda/openwrt/tmp/cca1aXTG.ltrans0.ltrans.o
                0x00409b09                spawn_and_wait
 .text.alarm_handler
                0x00409bac       0x34 /mnt/md0/miranda/openwrt/tmp/cca1aXTG.ltrans0.ltrans.o
 .text.set_tty_cooked
                0x00409be0       0x20 /mnt/md0/miranda/openwrt/tmp/cca1aXTG.ltrans0.ltrans.o
 .text.restore_tty
                0x00409c00       0x28 /mnt/md0/miranda/openwrt/tmp/cca1aXTG.ltrans0.ltrans.o
 .text.less_exit
                0x00409c28       0x10 /mnt/md0/miranda/openwrt/tmp/cca1aXTG.ltrans0.ltrans.o
 .text.buffer_print
                0x00409c38      0x178 /mnt/md0/miranda/openwrt/tmp/cca1aXTG.ltrans0.ltrans.o
 .text.buffer_fill_and_print
                0x00409db0       0x4c /mnt/md0/miranda/openwrt/tmp/cca1aXTG.ltrans0.ltrans.o
 .text.file_is_executable
                0x00409dfc       0x34 /mnt/md0/miranda/openwrt/tmp/cca1aXTG.ltrans0.ltrans.o
                0x00409dfd                file_is_executable
 .text.llist_pop
                0x00409e30       0x1c /mnt/md0/miranda/openwrt/tmp/cca1aXTG.ltrans0.ltrans.o
                0x00409e31                llist_pop
 .text.safe_read
                0x00409e4c       0x2c /mnt/md0/miranda/openwrt/tmp/cca1aXTG.ltrans0.ltrans.o
                0x00409e4d                safe_read
 .text.full_read
                0x00409e78       0x30 /mnt/md0/miranda/openwrt/tmp/cca1aXTG.ltrans0.ltrans.o
                0x00409e79                full_read
 .text.open_read_close
                0x00409ea8       0x2c /mnt/md0/miranda/openwrt/tmp/cca1aXTG.ltrans0.ltrans.o
                0x00409ea9                open_read_close
 .text.read_file
                0x00409ed4       0x3c /mnt/md0/miranda/openwrt/tmp/cca1aXTG.ltrans0.ltrans.o
 .text.show_bridge
                0x00409f10      0x12c /mnt/md0/miranda/openwrt/tmp/cca1aXTG.ltrans0.ltrans.o
 .text.safe_strncpy
                0x0040a03c       0x1c /mnt/md0/miranda/openwrt/tmp/cca1aXTG.ltrans0.ltrans.o
                0x0040a03d                safe_strncpy
 .text.overlapping_strcpy
                0x0040a058       0x14 /mnt/md0/miranda/openwrt/tmp/cca1aXTG.ltrans0.ltrans.o
                0x0040a059                overlapping_strcpy
 .text.safe_write
                0x0040a06c       0x2c /mnt/md0/miranda/openwrt/tmp/cca1aXTG.ltrans0.ltrans.o
                0x0040a06d                safe_write
 .text.full_write
                0x0040a098       0x30 /mnt/md0/miranda/openwrt/tmp/cca1aXTG.ltrans0.ltrans.o
                0x0040a099                full_write
 .text.bb_signals
                0x0040a0c8       0x2c /mnt/md0/miranda/openwrt/tmp/cca1aXTG.ltrans0.ltrans.o
                0x0040a0c9                bb_signals
 .text.kill_myself_with_sig
                0x0040a0f4       0x34 /mnt/md0/miranda/openwrt/tmp/cca1aXTG.ltrans0.ltrans.o
                0x0040a0f5                kill_myself_with_sig
 .text.sig_catcher
                0x0040a128       0x10 /mnt/md0/miranda/openwrt/tmp/cca1aXTG.ltrans0.ltrans.o
 .text.strftime_fmt.lto_priv.0
                0x0040a138       0x30 /mnt/md0/miranda/openwrt/tmp/cca1aXTG.ltrans0.ltrans.o
                0x0040a139                strftime_fmt.lto_priv.0
 .text.bb_verror_msg
                0x0040a168      0x174 /mnt/md0/miranda/openwrt/tmp/cca1aXTG.ltrans0.ltrans.o
                0x0040a169                bb_verror_msg
 .text.ioctl_or_perror_and_die
                0x0040a2dc       0x34 /mnt/md0/miranda/openwrt/tmp/cca1aXTG.ltrans0.ltrans.o
 .text.bb_perror_msg
                0x0040a310       0x30 /mnt/md0/miranda/openwrt/tmp/cca1aXTG.ltrans0.ltrans.o
                0x0040a311                bb_perror_msg
 .text.open3_or_warn
                0x0040a340       0x20 /mnt/md0/miranda/openwrt/tmp/cca1aXTG.ltrans0.ltrans.o
                0x0040a341                open3_or_warn
 .text.chdir_or_warn
                0x0040a360       0x20 /mnt/md0/miranda/openwrt/tmp/cca1aXTG.ltrans0.ltrans.o
                0x0040a361                chdir_or_warn
 .text.xchdir   0x0040a380       0x14 /mnt/md0/miranda/openwrt/tmp/cca1aXTG.ltrans0.ltrans.o
                0x0040a381                xchdir
 .text.bb_simple_perror_msg
                0x0040a394       0x14 /mnt/md0/miranda/openwrt/tmp/cca1aXTG.ltrans0.ltrans.o
                0x0040a395                bb_simple_perror_msg
 .text.bb_copyfd_eof
                0x0040a3a8       0x10 /mnt/md0/miranda/openwrt/tmp/cca1aXTG.ltrans0.ltrans.o
                0x0040a3a9                bb_copyfd_eof
 .text.bb_perror_msg_and_die
                0x0040a3b8       0x30 /mnt/md0/miranda/openwrt/tmp/cca1aXTG.ltrans0.ltrans.o
                0x0040a3b9                bb_perror_msg_and_die
 .text.xfopen   0x0040a3e8       0x1c /mnt/md0/miranda/openwrt/tmp/cca1aXTG.ltrans0.ltrans.o
                0x0040a3e9                xfopen
 .text.xopen3   0x0040a404       0x1c /mnt/md0/miranda/openwrt/tmp/cca1aXTG.ltrans0.ltrans.o
                0x0040a405                xopen3
 .text.xopen    0x0040a420       0x10 /mnt/md0/miranda/openwrt/tmp/cca1aXTG.ltrans0.ltrans.o
                0x0040a421                xopen
 .text.xrename  0x0040a430       0x20 /mnt/md0/miranda/openwrt/tmp/cca1aXTG.ltrans0.ltrans.o
                0x0040a431                xrename
 .text.xlseek   0x0040a450       0x2c /mnt/md0/miranda/openwrt/tmp/cca1aXTG.ltrans0.ltrans.o
                0x0040a451                xlseek
 .text.xchroot  0x0040a47c       0x28 /mnt/md0/miranda/openwrt/tmp/cca1aXTG.ltrans0.ltrans.o
                0x0040a47d                xchroot
 .text.xopendir
                0x0040a4a4       0x1c /mnt/md0/miranda/openwrt/tmp/cca1aXTG.ltrans0.ltrans.o
                0x0040a4a5                xopendir
 .text.xsocket  0x0040a4c0       0x48 /mnt/md0/miranda/openwrt/tmp/cca1aXTG.ltrans0.ltrans.o
                0x0040a4c1                xsocket
 .text.xstat    0x0040a508       0x1c /mnt/md0/miranda/openwrt/tmp/cca1aXTG.ltrans0.ltrans.o
                0x0040a509                xstat
 .text.BB_EXECVP_or_die
                0x0040a524       0x34 /mnt/md0/miranda/openwrt/tmp/cca1aXTG.ltrans0.ltrans.o
                0x0040a525                BB_EXECVP_or_die
 .text.bb_simple_perror_msg_and_die
                0x0040a558       0x10 /mnt/md0/miranda/openwrt/tmp/cca1aXTG.ltrans0.ltrans.o
                0x0040a559                bb_simple_perror_msg_and_die
 .text.xpipe    0x0040a568       0x1c /mnt/md0/miranda/openwrt/tmp/cca1aXTG.ltrans0.ltrans.o
                0x0040a569                xpipe
 .text.xdup2    0x0040a584       0x1c /mnt/md0/miranda/openwrt/tmp/cca1aXTG.ltrans0.ltrans.o
                0x0040a585                xdup2
 .text.bb_daemonize_or_rexec
                0x0040a5a0       0xac /mnt/md0/miranda/openwrt/tmp/cca1aXTG.ltrans0.ltrans.o
                0x0040a5a1                bb_daemonize_or_rexec
 .text.xmove_fd
                0x0040a64c       0x18 /mnt/md0/miranda/openwrt/tmp/cca1aXTG.ltrans0.ltrans.o
                0x0040a64d                xmove_fd
 .text.reopen_logfile_to_stderr
                0x0040a664       0x2c /mnt/md0/miranda/openwrt/tmp/cca1aXTG.ltrans0.ltrans.o
 .text.xwrite   0x0040a690       0x2c /mnt/md0/miranda/openwrt/tmp/cca1aXTG.ltrans0.ltrans.o
                0x0040a691                xwrite
 .text.xclose   0x0040a6bc       0x1c /mnt/md0/miranda/openwrt/tmp/cca1aXTG.ltrans0.ltrans.o
                0x0040a6bd                xclose
 .text.xsetgid  0x0040a6d8       0x1c /mnt/md0/miranda/openwrt/tmp/cca1aXTG.ltrans0.ltrans.o
                0x0040a6d9                xsetgid
 .text.xsetuid  0x0040a6f4       0x1c /mnt/md0/miranda/openwrt/tmp/cca1aXTG.ltrans0.ltrans.o
                0x0040a6f5                xsetuid
 .text.xbind    0x0040a710       0x1c /mnt/md0/miranda/openwrt/tmp/cca1aXTG.ltrans0.ltrans.o
                0x0040a711                xbind
 .text.xsendto  0x0040a72c       0x24 /mnt/md0/miranda/openwrt/tmp/cca1aXTG.ltrans0.ltrans.o
                0x0040a72d                xsendto
 .text.xsettimeofday
                0x0040a750       0x1c /mnt/md0/miranda/openwrt/tmp/cca1aXTG.ltrans0.ltrans.o
                0x0040a751                xsettimeofday
 .text.write_uint
                0x0040a76c       0x54 /mnt/md0/miranda/openwrt/tmp/cca1aXTG.ltrans0.ltrans.o
 .text.edit_file
                0x0040a7c0       0x94 /mnt/md0/miranda/openwrt/tmp/cca1aXTG.ltrans0.ltrans.o
 .text.log8     0x0040a854       0x20 /mnt/md0/miranda/openwrt/tmp/cca1aXTG.ltrans0.ltrans.o
 .text.log5     0x0040a874       0x20 /mnt/md0/miranda/openwrt/tmp/cca1aXTG.ltrans0.ltrans.o
 .text.bb_error_msg_and_die
                0x0040a894       0x14 /mnt/md0/miranda/openwrt/tmp/cca1aXTG.ltrans0.ltrans.o
                0x0040a895                bb_error_msg_and_die
 .text.die_if_ferror
                0x0040a8a8       0x1c /mnt/md0/miranda/openwrt/tmp/cca1aXTG.ltrans0.ltrans.o
                0x0040a8a9                die_if_ferror
 .text.parse_datestr
                0x0040a8c4      0x328 /mnt/md0/miranda/openwrt/tmp/cca1aXTG.ltrans0.ltrans.o
                0x0040a8c5                parse_datestr
 .text.bb_error_msg
                0x0040abec       0x14 /mnt/md0/miranda/openwrt/tmp/cca1aXTG.ltrans0.ltrans.o
                0x0040abed                bb_error_msg
 .text.ParseField
                0x0040ac00      0x170 /mnt/md0/miranda/openwrt/tmp/cca1aXTG.ltrans0.ltrans.o
 .text.do_if_fetch
                0x0040ad70      0x1f0 /mnt/md0/miranda/openwrt/tmp/cca1aXTG.ltrans0.ltrans.o
 .text.bb_simple_error_msg
                0x0040af60       0x14 /mnt/md0/miranda/openwrt/tmp/cca1aXTG.ltrans0.ltrans.o
                0x0040af61                bb_simple_error_msg
 .text.bb_simple_error_msg_and_die
                0x0040af74       0x10 /mnt/md0/miranda/openwrt/tmp/cca1aXTG.ltrans0.ltrans.o
                0x0040af75                bb_simple_error_msg_and_die
 .text.bb_die_memory_exhausted
                0x0040af84       0x10 /mnt/md0/miranda/openwrt/tmp/cca1aXTG.ltrans0.ltrans.o
                0x0040af85                bb_die_memory_exhausted
 .text.xmalloc  0x0040af94       0x18 /mnt/md0/miranda/openwrt/tmp/cca1aXTG.ltrans0.ltrans.o
                0x0040af95                xmalloc
 .text.xzalloc  0x0040afac       0x1c /mnt/md0/miranda/openwrt/tmp/cca1aXTG.ltrans0.ltrans.o
                0x0040afad                xzalloc
 .text.llist_add_to_end
                0x0040afc8       0x1c /mnt/md0/miranda/openwrt/tmp/cca1aXTG.ltrans0.ltrans.o
                0x0040afc9                llist_add_to_end
 .text.xmemdup  0x0040afe4       0x30 /mnt/md0/miranda/openwrt/tmp/cca1aXTG.ltrans0.ltrans.o
                0x0040afe5                xmemdup
 .text.llist_add_to
                0x0040b014       0x18 /mnt/md0/miranda/openwrt/tmp/cca1aXTG.ltrans0.ltrans.o
                0x0040b015                llist_add_to
 .text.UNSPEC_print
                0x0040b02c       0x44 /mnt/md0/miranda/openwrt/tmp/cca1aXTG.ltrans0.ltrans.o
 .text.UNSPEC_sprint
                0x0040b070       0x24 /mnt/md0/miranda/openwrt/tmp/cca1aXTG.ltrans0.ltrans.o
 .text.xrealloc
                0x0040b094       0x18 /mnt/md0/miranda/openwrt/tmp/cca1aXTG.ltrans0.ltrans.o
                0x0040b095                xrealloc
 .text.read_lines
                0x0040b0ac      0x23c /mnt/md0/miranda/openwrt/tmp/cca1aXTG.ltrans0.ltrans.o
 .text.buffer_down
                0x0040b2e8       0x24 /mnt/md0/miranda/openwrt/tmp/cca1aXTG.ltrans0.ltrans.o
 .text.buffer_up
                0x0040b30c       0x24 /mnt/md0/miranda/openwrt/tmp/cca1aXTG.ltrans0.ltrans.o
 .text.buffer_to_line
                0x0040b330       0x88 /mnt/md0/miranda/openwrt/tmp/cca1aXTG.ltrans0.ltrans.o
 .text.getch_nowait
                0x0040b3b8       0xc0 /mnt/md0/miranda/openwrt/tmp/cca1aXTG.ltrans0.ltrans.o
 .text.less_getch
                0x0040b478       0x2c /mnt/md0/miranda/openwrt/tmp/cca1aXTG.ltrans0.ltrans.o
 .text.less_gets
                0x0040b4a4       0x8c /mnt/md0/miranda/openwrt/tmp/cca1aXTG.ltrans0.ltrans.o
 .text.do_info  0x0040b530       0xcc /mnt/md0/miranda/openwrt/tmp/cca1aXTG.ltrans0.ltrans.o
 .text.xstrdup  0x0040b5fc       0x1c /mnt/md0/miranda/openwrt/tmp/cca1aXTG.ltrans0.ltrans.o
                0x0040b5fd                xstrdup
 .text.xmalloc_ttyname
                0x0040b618       0x20 /mnt/md0/miranda/openwrt/tmp/cca1aXTG.ltrans0.ltrans.o
 .text.load_crontab
                0x0040b638      0x234 /mnt/md0/miranda/openwrt/tmp/cca1aXTG.ltrans0.ltrans.o
 .text.rescan_crontab_dir
                0x0040b86c       0x70 /mnt/md0/miranda/openwrt/tmp/cca1aXTG.ltrans0.ltrans.o
 .text.reinitialize
                0x0040b8dc       0x84 /mnt/md0/miranda/openwrt/tmp/cca1aXTG.ltrans0.ltrans.o
 .text.examine_file
                0x0040b960       0x64 /mnt/md0/miranda/openwrt/tmp/cca1aXTG.ltrans0.ltrans.o
 .text.change_file
                0x0040b9c4       0x5c /mnt/md0/miranda/openwrt/tmp/cca1aXTG.ltrans0.ltrans.o
 .text.INET6_sprint
                0x0040ba20       0x7c /mnt/md0/miranda/openwrt/tmp/cca1aXTG.ltrans0.ltrans.o
 .text.ife_print
                0x0040ba9c      0x4bc /mnt/md0/miranda/openwrt/tmp/cca1aXTG.ltrans0.ltrans.o
 .text.parse_resolvconf
                0x0040bf58       0xdc /mnt/md0/miranda/openwrt/tmp/cca1aXTG.ltrans0.ltrans.o
 .text.xstrndup
                0x0040c034       0x14 /mnt/md0/miranda/openwrt/tmp/cca1aXTG.ltrans0.ltrans.o
                0x0040c035                xstrndup
 .text.bb_unsetenv
                0x0040c048       0x48 /mnt/md0/miranda/openwrt/tmp/cca1aXTG.ltrans0.ltrans.o
                0x0040c049                bb_unsetenv
 .text.xasprintf
                0x0040c090       0x20 /mnt/md0/miranda/openwrt/tmp/cca1aXTG.ltrans0.ltrans.o
                0x0040c091                xasprintf
 .text.safe_setenv
                0x0040c0b0       0x30 /mnt/md0/miranda/openwrt/tmp/cca1aXTG.ltrans0.ltrans.o
 .text.start_one_job
                0x0040c0e0      0x108 /mnt/md0/miranda/openwrt/tmp/cca1aXTG.ltrans0.ltrans.o
 .text.ether_print
                0x0040c1e8       0x2c /mnt/md0/miranda/openwrt/tmp/cca1aXTG.ltrans0.ltrans.o
 .text.ip_port_str
                0x0040c214       0x74 /mnt/md0/miranda/openwrt/tmp/cca1aXTG.ltrans0.ltrans.o
 .text.print_inet_line
                0x0040c288       0xa0 /mnt/md0/miranda/openwrt/tmp/cca1aXTG.ltrans0.ltrans.o
 .text.tcp_do_one
                0x0040c328       0x58 /mnt/md0/miranda/openwrt/tmp/cca1aXTG.ltrans0.ltrans.o
 .text.udp_do_one
                0x0040c380       0x90 /mnt/md0/miranda/openwrt/tmp/cca1aXTG.ltrans0.ltrans.o
 .text.raw_do_one
                0x0040c410       0x78 /mnt/md0/miranda/openwrt/tmp/cca1aXTG.ltrans0.ltrans.o
 .text.add_query_with_search
                0x0040c488       0x58 /mnt/md0/miranda/openwrt/tmp/cca1aXTG.ltrans0.ltrans.o
 .text.xsetenv  0x0040c4e0       0x14 /mnt/md0/miranda/openwrt/tmp/cca1aXTG.ltrans0.ltrans.o
                0x0040c4e1                xsetenv
 .text.bb_copyfd_exact_size
                0x0040c4f4       0x4c /mnt/md0/miranda/openwrt/tmp/cca1aXTG.ltrans0.ltrans.o
                0x0040c4f5                bb_copyfd_exact_size
 .text.get_mono
                0x0040c540       0x1c /mnt/md0/miranda/openwrt/tmp/cca1aXTG.ltrans0.ltrans.o
 .text.monotonic_us
                0x0040c55c       0x44 /mnt/md0/miranda/openwrt/tmp/cca1aXTG.ltrans0.ltrans.o
                0x0040c55d                monotonic_us
 .text.monotonic_ms
                0x0040c5a0       0x44 /mnt/md0/miranda/openwrt/tmp/cca1aXTG.ltrans0.ltrans.o
                0x0040c5a1                monotonic_ms
 .text.run_command
                0x0040c5e4       0xa4 /mnt/md0/miranda/openwrt/tmp/cca1aXTG.ltrans0.ltrans.o
 .text.send_queries
                0x0040c688      0x254 /mnt/md0/miranda/openwrt/tmp/cca1aXTG.ltrans0.ltrans.o
 .text.monotonic_sec
                0x0040c8dc       0x10 /mnt/md0/miranda/openwrt/tmp/cca1aXTG.ltrans0.ltrans.o
                0x0040c8dd                monotonic_sec
 .text.xatoull_sfx
                0x0040c8ec       0x18 /mnt/md0/miranda/openwrt/tmp/cca1aXTG.ltrans0.ltrans.o
                0x0040c8ed                xatoull_sfx
 .text.xstrtoul_range_sfx
                0x0040c904       0xa8 /mnt/md0/miranda/openwrt/tmp/cca1aXTG.ltrans0.ltrans.o
                0x0040c905                xstrtoul_range_sfx
 .text.printf_xstrtou
                0x0040c9ac       0x28 /mnt/md0/miranda/openwrt/tmp/cca1aXTG.ltrans0.ltrans.o
 .text.show_bridge_port
                0x0040c9d4      0x2b8 /mnt/md0/miranda/openwrt/tmp/cca1aXTG.ltrans0.ltrans.o
 .text.xatoul_range
                0x0040cc8c       0x14 /mnt/md0/miranda/openwrt/tmp/cca1aXTG.ltrans0.ltrans.o
                0x0040cc8d                xatoul_range
 .text.nslookup_main
                0x0040cca0      0x2ec /mnt/md0/miranda/openwrt/tmp/cca1aXTG.ltrans0.ltrans.o
 .text.xatoul_sfx
                0x0040cf8c       0x14 /mnt/md0/miranda/openwrt/tmp/cca1aXTG.ltrans0.ltrans.o
                0x0040cf8d                xatoul_sfx
 .text.xatoi_positive
                0x0040cfa0       0x14 /mnt/md0/miranda/openwrt/tmp/cca1aXTG.ltrans0.ltrans.o
                0x0040cfa1                xatoi_positive
 .text.vgetopt32
                0x0040cfb4      0x3fc /mnt/md0/miranda/openwrt/tmp/cca1aXTG.ltrans0.ltrans.o
 .text.getopt32
                0x0040d3b0       0x14 /mnt/md0/miranda/openwrt/tmp/cca1aXTG.ltrans0.ltrans.o
                0x0040d3b1                getopt32
 .text.crond_main
                0x0040d3c4      0x330 /mnt/md0/miranda/openwrt/tmp/cca1aXTG.ltrans0.ltrans.o
 .text.crontab_main
                0x0040d6f4      0x230 /mnt/md0/miranda/openwrt/tmp/cca1aXTG.ltrans0.ltrans.o
 .text.strings_main
                0x0040d924      0x190 /mnt/md0/miranda/openwrt/tmp/cca1aXTG.ltrans0.ltrans.o
 .text.time_main
                0x0040dab4      0x434 /mnt/md0/miranda/openwrt/tmp/cca1aXTG.ltrans0.ltrans.o
 .text.netstat_main
                0x0040dee8      0x248 /mnt/md0/miranda/openwrt/tmp/cca1aXTG.ltrans0.ltrans.o
 .text.getopt32long
                0x0040e130       0x10 /mnt/md0/miranda/openwrt/tmp/cca1aXTG.ltrans0.ltrans.o
                0x0040e131                getopt32long
 .text.login_main
                0x0040e140      0x38c /mnt/md0/miranda/openwrt/tmp/cca1aXTG.ltrans0.ltrans.o
 .text.bb_strtoull
                0x0040e4cc       0x4c /mnt/md0/miranda/openwrt/tmp/cca1aXTG.ltrans0.ltrans.o
                0x0040e4cd                bb_strtoull
 .text.bb_strtoul
                0x0040e518       0x4c /mnt/md0/miranda/openwrt/tmp/cca1aXTG.ltrans0.ltrans.o
                0x0040e519                bb_strtoul
 .text.less_main
                0x0040e564      0x554 /mnt/md0/miranda/openwrt/tmp/cca1aXTG.ltrans0.ltrans.o
 .text.nc_main  0x0040eab8      0x120 /mnt/md0/miranda/openwrt/tmp/cca1aXTG.ltrans0.ltrans.o
 .text.add_to_prg_cache_if_socket
                0x0040ebd8       0xbc /mnt/md0/miranda/openwrt/tmp/cca1aXTG.ltrans0.ltrans.o
 .text.bb_strtol
                0x0040ec94       0x54 /mnt/md0/miranda/openwrt/tmp/cca1aXTG.ltrans0.ltrans.o
                0x0040ec95                bb_strtol
 .text.concat_path_file
                0x0040ece8       0x38 /mnt/md0/miranda/openwrt/tmp/cca1aXTG.ltrans0.ltrans.o
                0x0040ece9                concat_path_file
 .text.dir_act  0x0040ed20       0xac /mnt/md0/miranda/openwrt/tmp/cca1aXTG.ltrans0.ltrans.o
 .text.add_interface.lto_priv.0
                0x0040edcc       0x50 /mnt/md0/miranda/openwrt/tmp/cca1aXTG.ltrans0.ltrans.o
                0x0040edcd                add_interface.lto_priv.0
 .text.ifconfig_main
                0x0040ee1c      0x448 /mnt/md0/miranda/openwrt/tmp/cca1aXTG.ltrans0.ltrans.o
 .text.set_next.lto_priv.0
                0x0040f264       0x28 /mnt/md0/miranda/openwrt/tmp/cca1aXTG.ltrans0.ltrans.o
                0x0040f265                set_next.lto_priv.0
 .text.resolve_peer_hostname.lto_priv.0
                0x0040f28c       0xe4 /mnt/md0/miranda/openwrt/tmp/cca1aXTG.ltrans0.ltrans.o
                0x0040f28d                resolve_peer_hostname.lto_priv.0
 .text.run_script.lto_priv.0
                0x0040f370       0xe8 /mnt/md0/miranda/openwrt/tmp/cca1aXTG.ltrans0.ltrans.o
                0x0040f371                run_script.lto_priv.0
 .text.clamp_pollexp_and_set_MAXSTRAT.lto_priv.0
                0x0040f458       0x2c /mnt/md0/miranda/openwrt/tmp/cca1aXTG.ltrans0.ltrans.o
                0x0040f459                clamp_pollexp_and_set_MAXSTRAT.lto_priv.0
 .text.adjust_poll
                0x0040f484       0x80 /mnt/md0/miranda/openwrt/tmp/cca1aXTG.ltrans1.ltrans.o
 .text.set_flags
                0x0040f504       0x24 /mnt/md0/miranda/openwrt/tmp/cca1aXTG.ltrans1.ltrans.o
 .text.find_by_index
                0x0040f528       0x20 /mnt/md0/miranda/openwrt/tmp/cca1aXTG.ltrans1.ltrans.o
 .text.poll_interval
                0x0040f548       0x30 /mnt/md0/miranda/openwrt/tmp/cca1aXTG.ltrans1.ltrans.o
 .text.iproute_reset_filter
                0x0040f578       0x24 /mnt/md0/miranda/openwrt/tmp/cca1aXTG.ltrans1.ltrans.o
 .text.parse_rtattr
                0x0040f59c       0x54 /mnt/md0/miranda/openwrt/tmp/cca1aXTG.ltrans1.ltrans.o
 .text.recv_and_process_client_pkt
                0x0040f5f0      0x240 /mnt/md0/miranda/openwrt/tmp/cca1aXTG.ltrans1.ltrans.o
 .text.kw_lookup
                0x0040f830       0x58 /mnt/md0/miranda/openwrt/tmp/cca1aXTG.ltrans1.ltrans.o
 .text.print_stats_and_exit.lto_priv.0
                0x0040f888       0xb8 /mnt/md0/miranda/openwrt/tmp/cca1aXTG.ltrans1.ltrans.o
                0x0040f889                print_stats_and_exit.lto_priv.0
 .text.sendping4.lto_priv.0
                0x0040f940       0x50 /mnt/md0/miranda/openwrt/tmp/cca1aXTG.ltrans1.ltrans.o
                0x0040f941                sendping4.lto_priv.0
 .text.sendping6.lto_priv.0
                0x0040f990       0x44 /mnt/md0/miranda/openwrt/tmp/cca1aXTG.ltrans1.ltrans.o
                0x0040f991                sendping6.lto_priv.0
 .text.ping_main
                0x0040f9d4        0x8 /mnt/md0/miranda/openwrt/tmp/cca1aXTG.ltrans1.ltrans.o
                0x0040f9d5                ping_main
 .text.ping6_main
                0x0040f9dc        0xc /mnt/md0/miranda/openwrt/tmp/cca1aXTG.ltrans1.ltrans.o
                0x0040f9dd                ping6_main
 .text.next_arg
                0x0040f9e8       0x18 /mnt/md0/miranda/openwrt/tmp/cca1aXTG.ltrans1.ltrans.o
 .text.duparg   0x0040fa00       0x14 /mnt/md0/miranda/openwrt/tmp/cca1aXTG.ltrans1.ltrans.o
 .text.INET_setroute
                0x0040fa14      0x2d4 /mnt/md0/miranda/openwrt/tmp/cca1aXTG.ltrans1.ltrans.o
 .text.INET6_setroute
                0x0040fce8      0x1cc /mnt/md0/miranda/openwrt/tmp/cca1aXTG.ltrans1.ltrans.o
 .text.get_hz   0x0040feb4       0x58 /mnt/md0/miranda/openwrt/tmp/cca1aXTG.ltrans1.ltrans.o
 .text.INET6_displayroutes
                0x0040ff0c      0x198 /mnt/md0/miranda/openwrt/tmp/cca1aXTG.ltrans1.ltrans.o
 .text.hexdump_if_verbose
                0x004100a4       0xe0 /mnt/md0/miranda/openwrt/tmp/cca1aXTG.ltrans1.ltrans.o
 .text.traceroute_init
                0x00410184      0x354 /mnt/md0/miranda/openwrt/tmp/cca1aXTG.ltrans1.ltrans.o
 .text.inet_addr_match
                0x004104d8       0x54 /mnt/md0/miranda/openwrt/tmp/cca1aXTG.ltrans1.ltrans.o
 .text.common_traceroute_main
                0x0041052c      0x554 /mnt/md0/miranda/openwrt/tmp/cca1aXTG.ltrans1.ltrans.o
 .text.traceroute_main
                0x00410a80        0xc /mnt/md0/miranda/openwrt/tmp/cca1aXTG.ltrans1.ltrans.o
                0x00410a81                traceroute_main
 .text.traceroute6_main
                0x00410a8c       0x14 /mnt/md0/miranda/openwrt/tmp/cca1aXTG.ltrans1.ltrans.o
                0x00410a8d                traceroute6_main
 .text.get_ctl_fd
                0x00410aa0       0x2c /mnt/md0/miranda/openwrt/tmp/cca1aXTG.ltrans1.ltrans.o
 .text.rtnl_rtntype_n2a
                0x00410acc       0x94 /mnt/md0/miranda/openwrt/tmp/cca1aXTG.ltrans1.ltrans.o
 .text.rtnl_rtntype_a2n
                0x00410b60       0x54 /mnt/md0/miranda/openwrt/tmp/cca1aXTG.ltrans1.ltrans.o
 .text.rtnl_send_check
                0x00410bb4       0x88 /mnt/md0/miranda/openwrt/tmp/cca1aXTG.ltrans1.ltrans.o
 .text.flush_update.lto_priv.0
                0x00410c3c       0x30 /mnt/md0/miranda/openwrt/tmp/cca1aXTG.ltrans1.ltrans.o
 .text.flush_update.lto_priv.1
                0x00410c6c       0x30 /mnt/md0/miranda/openwrt/tmp/cca1aXTG.ltrans1.ltrans.o
 .text.flush_update.lto_priv.2
                0x00410c9c       0x30 /mnt/md0/miranda/openwrt/tmp/cca1aXTG.ltrans1.ltrans.o
 .text.xrtnl_open
                0x00410ccc       0x44 /mnt/md0/miranda/openwrt/tmp/cca1aXTG.ltrans1.ltrans.o
 .text.rtnl_talk
                0x00410d10      0x1dc /mnt/md0/miranda/openwrt/tmp/cca1aXTG.ltrans1.ltrans.o
 .text.ll_remember_index
                0x00410eec       0xdc /mnt/md0/miranda/openwrt/tmp/cca1aXTG.ltrans1.ltrans.o
                0x00410eed                ll_remember_index
 .text.store_nlmsg
                0x00410fc8       0x50 /mnt/md0/miranda/openwrt/tmp/cca1aXTG.ltrans1.ltrans.o
 .text.ll_idx_n2a
                0x00411018       0x30 /mnt/md0/miranda/openwrt/tmp/cca1aXTG.ltrans1.ltrans.o
 .text.print_linkinfo
                0x00411048      0x334 /mnt/md0/miranda/openwrt/tmp/cca1aXTG.ltrans1.ltrans.o
 .text.xll_name_to_index
                0x0041137c       0x1c /mnt/md0/miranda/openwrt/tmp/cca1aXTG.ltrans1.ltrans.o
 .text.set_master
                0x00411398       0x68 /mnt/md0/miranda/openwrt/tmp/cca1aXTG.ltrans1.ltrans.o
 .text.set_netns
                0x00411400       0x68 /mnt/md0/miranda/openwrt/tmp/cca1aXTG.ltrans1.ltrans.o
 .text.rtnl_a2n
                0x00411468       0x68 /mnt/md0/miranda/openwrt/tmp/cca1aXTG.ltrans1.ltrans.o
 .text.rtnl_tab_initialize
                0x004114d0       0x7c /mnt/md0/miranda/openwrt/tmp/cca1aXTG.ltrans1.ltrans.o
 .text.rtnl_rtprot_initialize
                0x0041154c       0x58 /mnt/md0/miranda/openwrt/tmp/cca1aXTG.ltrans1.ltrans.o
 .text.rtnl_rtscope_initialize
                0x004115a4       0x5c /mnt/md0/miranda/openwrt/tmp/cca1aXTG.ltrans1.ltrans.o
 .text.rtnl_rtscope_a2n
                0x00411600       0x20 /mnt/md0/miranda/openwrt/tmp/cca1aXTG.ltrans1.ltrans.o
 .text.rtnl_rtrealm_initialize
                0x00411620       0x34 /mnt/md0/miranda/openwrt/tmp/cca1aXTG.ltrans1.ltrans.o
 .text.rtnl_rtrealm_n2a
                0x00411654       0x30 /mnt/md0/miranda/openwrt/tmp/cca1aXTG.ltrans1.ltrans.o
 .text.rtnl_rtdsfield_initialize
                0x00411684       0x34 /mnt/md0/miranda/openwrt/tmp/cca1aXTG.ltrans1.ltrans.o
 .text.rtnl_rttable_initialize
                0x004116b8       0x50 /mnt/md0/miranda/openwrt/tmp/cca1aXTG.ltrans1.ltrans.o
 .text.rtnl_rttable_n2a
                0x00411708       0x30 /mnt/md0/miranda/openwrt/tmp/cca1aXTG.ltrans1.ltrans.o
 .text.rtnl_rttable_a2n
                0x00411738       0x20 /mnt/md0/miranda/openwrt/tmp/cca1aXTG.ltrans1.ltrans.o
 .text.rt_addr_n2a
                0x00411758       0x34 /mnt/md0/miranda/openwrt/tmp/cca1aXTG.ltrans1.ltrans.o
 .text.print_addrinfo
                0x0041178c      0x3cc /mnt/md0/miranda/openwrt/tmp/cca1aXTG.ltrans1.ltrans.o
 .text.print_neigh
                0x00411b58      0x310 /mnt/md0/miranda/openwrt/tmp/cca1aXTG.ltrans1.ltrans.o
 .text.print_route
                0x00411e68      0x548 /mnt/md0/miranda/openwrt/tmp/cca1aXTG.ltrans1.ltrans.o
 .text.print_rule
                0x004123b0      0x23c /mnt/md0/miranda/openwrt/tmp/cca1aXTG.ltrans1.ltrans.o
 .text.unpack_tail.lto_priv.0
                0x004125ec       0xc8 /mnt/md0/miranda/openwrt/tmp/cca1aXTG.ltrans1.ltrans.o
                0x004125ed                unpack_tail.lto_priv.0
 .text.bb_displayroutes
                0x004126b4      0x174 /mnt/md0/miranda/openwrt/tmp/cca1aXTG.ltrans1.ltrans.o
                0x004126b5                bb_displayroutes
 .text.route_main
                0x00412828       0xe4 /mnt/md0/miranda/openwrt/tmp/cca1aXTG.ltrans1.ltrans.o
                0x00412829                route_main
 .text.xrtnl_wilddump_request
                0x0041290c       0x34 /mnt/md0/miranda/openwrt/tmp/cca1aXTG.ltrans1.ltrans.o
                0x0041290d                xrtnl_wilddump_request
 .text.xrtnl_dump_filter
                0x00412940      0x140 /mnt/md0/miranda/openwrt/tmp/cca1aXTG.ltrans1.ltrans.o
                0x00412941                xrtnl_dump_filter
 .text.get_addr_1
                0x00412a80       0xc8 /mnt/md0/miranda/openwrt/tmp/cca1aXTG.ltrans1.ltrans.o
                0x00412a81                get_addr_1
 .text.ll_addr_a2n
                0x00412b48       0xa8 /mnt/md0/miranda/openwrt/tmp/cca1aXTG.ltrans1.ltrans.o
 .text.get_prefix
                0x00412bf0      0x114 /mnt/md0/miranda/openwrt/tmp/cca1aXTG.ltrans1.ltrans.o
 .text.ipneigh_list_or_flush
                0x00412d04      0x270 /mnt/md0/miranda/openwrt/tmp/cca1aXTG.ltrans1.ltrans.o
 .text.iproute_get
                0x00412f74      0x254 /mnt/md0/miranda/openwrt/tmp/cca1aXTG.ltrans1.ltrans.o
 .text.invarg_1_to_2
                0x004131c8       0x14 /mnt/md0/miranda/openwrt/tmp/cca1aXTG.ltrans1.ltrans.o
                0x004131c9                invarg_1_to_2
 .text.ipaddr_list_or_flush
                0x004131dc      0x358 /mnt/md0/miranda/openwrt/tmp/cca1aXTG.ltrans1.ltrans.o
 .text.do_ipneigh
                0x00413534       0x3c /mnt/md0/miranda/openwrt/tmp/cca1aXTG.ltrans1.ltrans.o
                0x00413535                do_ipneigh
 .text.iproute_list_or_flush
                0x00413570      0x398 /mnt/md0/miranda/openwrt/tmp/cca1aXTG.ltrans1.ltrans.o
 .text.get_unsigned
                0x00413908       0x24 /mnt/md0/miranda/openwrt/tmp/cca1aXTG.ltrans1.ltrans.o
 .text.ipaddr_modify
                0x0041392c      0x4f8 /mnt/md0/miranda/openwrt/tmp/cca1aXTG.ltrans1.ltrans.o
 .text.do_ipaddr
                0x00413e24       0x6c /mnt/md0/miranda/openwrt/tmp/cca1aXTG.ltrans1.ltrans.o
                0x00413e25                do_ipaddr
 .text.do_add_or_delete
                0x00413e90      0x41c /mnt/md0/miranda/openwrt/tmp/cca1aXTG.ltrans1.ltrans.o
 .text.iprule_modify
                0x004142ac      0x36c /mnt/md0/miranda/openwrt/tmp/cca1aXTG.ltrans1.ltrans.o
 .text.do_iprule
                0x00414618       0x74 /mnt/md0/miranda/openwrt/tmp/cca1aXTG.ltrans1.ltrans.o
                0x00414619                do_iprule
 .text.do_iplink
                0x0041468c      0x474 /mnt/md0/miranda/openwrt/tmp/cca1aXTG.ltrans1.ltrans.o
                0x0041468d                do_iplink
 .text.iproute_modify
                0x00414b00      0x3c0 /mnt/md0/miranda/openwrt/tmp/cca1aXTG.ltrans1.ltrans.o
 .text.do_iproute
                0x00414ec0       0xa8 /mnt/md0/miranda/openwrt/tmp/cca1aXTG.ltrans1.ltrans.o
                0x00414ec1                do_iproute
 .text.mem_sort
                0x00414f68       0x1c /mnt/md0/miranda/openwrt/tmp/cca1aXTG.ltrans2.ltrans.o
 .text.pcpu_sort
                0x00414f84        0x8 /mnt/md0/miranda/openwrt/tmp/cca1aXTG.ltrans2.ltrans.o
 .text.time_sort
                0x00414f8c       0x1c /mnt/md0/miranda/openwrt/tmp/cca1aXTG.ltrans2.ltrans.o
 .text.mult_lvl_cmp
                0x00414fa8       0x34 /mnt/md0/miranda/openwrt/tmp/cca1aXTG.ltrans2.ltrans.o
 .text.prefix.lto_priv.0
                0x00414fdc       0x18 /mnt/md0/miranda/openwrt/tmp/cca1aXTG.ltrans2.ltrans.o
                0x00414fdd                prefix.lto_priv.0
 .text.set_curjob
                0x00414ff4       0x40 /mnt/md0/miranda/openwrt/tmp/cca1aXTG.ltrans2.ltrans.o
 .text.getstatus
                0x00415034       0x60 /mnt/md0/miranda/openwrt/tmp/cca1aXTG.ltrans2.ltrans.o
 .text.skiploop
                0x00415094       0x28 /mnt/md0/miranda/openwrt/tmp/cca1aXTG.ltrans2.ltrans.o
 .text.clearmems
                0x004150bc       0x38 /mnt/md0/miranda/openwrt/tmp/cca1aXTG.ltrans2.ltrans.o
 .text.freealias
                0x004150f4       0x30 /mnt/md0/miranda/openwrt/tmp/cca1aXTG.ltrans2.ltrans.o
 .text.optitem_unset_env_and_free
                0x00415124       0x28 /mnt/md0/miranda/openwrt/tmp/cca1aXTG.ltrans2.ltrans.o
 .text.putenvp  0x0041514c       0x24 /mnt/md0/miranda/openwrt/tmp/cca1aXTG.ltrans2.ltrans.o
 .text.udhcp_scan_options
                0x00415170       0xa0 /mnt/md0/miranda/openwrt/tmp/cca1aXTG.ltrans2.ltrans.o
 .text.udhcp_get_option
                0x00415210       0x2c /mnt/md0/miranda/openwrt/tmp/cca1aXTG.ltrans2.ltrans.o
 .text.udhcp_get_option32
                0x0041523c       0x18 /mnt/md0/miranda/openwrt/tmp/cca1aXTG.ltrans2.ltrans.o
 .text.d4_recv_raw_packet
                0x00415254      0x1a0 /mnt/md0/miranda/openwrt/tmp/cca1aXTG.ltrans2.ltrans.o
 .text.change_listen_mode
                0x004153f4      0x134 /mnt/md0/miranda/openwrt/tmp/cca1aXTG.ltrans2.ltrans.o
 .text.calcsize
                0x00415528      0x11c /mnt/md0/miranda/openwrt/tmp/cca1aXTG.ltrans2.ltrans.o
 .text.nodeckstrdup
                0x00415644       0x30 /mnt/md0/miranda/openwrt/tmp/cca1aXTG.ltrans2.ltrans.o
 .text.copynode
                0x00415674      0x100 /mnt/md0/miranda/openwrt/tmp/cca1aXTG.ltrans2.ltrans.o
 .text.copynodelist
                0x00415774       0x38 /mnt/md0/miranda/openwrt/tmp/cca1aXTG.ltrans2.ltrans.o
 .text.client_background
                0x004157ac       0x2c /mnt/md0/miranda/openwrt/tmp/cca1aXTG.ltrans2.ltrans.o
 .text.signal_handler.lto_priv.0
                0x004157d8       0x34 /mnt/md0/miranda/openwrt/tmp/cca1aXTG.ltrans2.ltrans.o
 .text.udhcp_str2nip
                0x0041580c       0x48 /mnt/md0/miranda/openwrt/tmp/cca1aXTG.ltrans2.ltrans.o
 .text.read_cpu_jiffy
                0x00415854       0xf4 /mnt/md0/miranda/openwrt/tmp/cca1aXTG.ltrans2.ltrans.o
 .text.parse_meminfo.lto_priv.0
                0x00415948       0x80 /mnt/md0/miranda/openwrt/tmp/cca1aXTG.ltrans2.ltrans.o
 .text.free_main
                0x004159c8      0x164 /mnt/md0/miranda/openwrt/tmp/cca1aXTG.ltrans2.ltrans.o
                0x004159c9                free_main
 .text.kill_main
                0x00415b2c      0x260 /mnt/md0/miranda/openwrt/tmp/cca1aXTG.ltrans2.ltrans.o
                0x00415b2d                kill_main
 .text.pgrep_main
                0x00415d8c      0x230 /mnt/md0/miranda/openwrt/tmp/cca1aXTG.ltrans2.ltrans.o
                0x00415d8d                pgrep_main
 .text.pidof_main
                0x00415fbc       0x98 /mnt/md0/miranda/openwrt/tmp/cca1aXTG.ltrans2.ltrans.o
                0x00415fbd                pidof_main
 .text.ps_main  0x00416054       0xf4 /mnt/md0/miranda/openwrt/tmp/cca1aXTG.ltrans2.ltrans.o
                0x00416055                ps_main
 .text.sysctl_dots_to_slashes
                0x00416148       0x8c /mnt/md0/miranda/openwrt/tmp/cca1aXTG.ltrans2.ltrans.o
 .text.sysctl_act_on_setting
                0x004161d4      0x18c /mnt/md0/miranda/openwrt/tmp/cca1aXTG.ltrans2.ltrans.o
 .text.sysctl_act_recursive
                0x00416360       0xa0 /mnt/md0/miranda/openwrt/tmp/cca1aXTG.ltrans2.ltrans.o
 .text.sysctl_main
                0x00416400      0x110 /mnt/md0/miranda/openwrt/tmp/cca1aXTG.ltrans2.ltrans.o
                0x00416401                sysctl_main
 .text.do_stats
                0x00416510       0xe4 /mnt/md0/miranda/openwrt/tmp/cca1aXTG.ltrans2.ltrans.o
 .text.display_process_list
                0x004165f4      0x3f8 /mnt/md0/miranda/openwrt/tmp/cca1aXTG.ltrans2.ltrans.o
 .text.top_main
                0x004169ec      0x208 /mnt/md0/miranda/openwrt/tmp/cca1aXTG.ltrans2.ltrans.o
                0x004169ed                top_main
 .text.uptime_main
                0x00416bf4      0x134 /mnt/md0/miranda/openwrt/tmp/cca1aXTG.ltrans2.ltrans.o
                0x00416bf5                uptime_main
 .text.ignoresig
                0x00416d28       0x2c /mnt/md0/miranda/openwrt/tmp/cca1aXTG.ltrans2.ltrans.o
 .text.msort    0x00416d54       0x70 /mnt/md0/miranda/openwrt/tmp/cca1aXTG.ltrans2.ltrans.o
 .text.pstrcmp  0x00416dc4       0x10 /mnt/md0/miranda/openwrt/tmp/cca1aXTG.ltrans2.ltrans.o
 .text.dup_CLOEXEC
                0x00416dd4       0x2c /mnt/md0/miranda/openwrt/tmp/cca1aXTG.ltrans2.ltrans.o
 .text.scanleft
                0x00416e00       0x44 /mnt/md0/miranda/openwrt/tmp/cca1aXTG.ltrans2.ltrans.o
 .text.scanright
                0x00416e44       0xb4 /mnt/md0/miranda/openwrt/tmp/cca1aXTG.ltrans2.ltrans.o
 .text.tryexec  0x00416ef8       0x44 /mnt/md0/miranda/openwrt/tmp/cca1aXTG.ltrans2.ltrans.o
 .text.dotrap   0x00416f3c       0xcc /mnt/md0/miranda/openwrt/tmp/cca1aXTG.ltrans2.ltrans.o
 .text.sprint_nip.lto_priv.0
                0x00417008       0x24 /mnt/md0/miranda/openwrt/tmp/cca1aXTG.ltrans2.ltrans.o
                0x00417009                sprint_nip.lto_priv.0
 .text.d4_run_script
                0x0041702c      0x294 /mnt/md0/miranda/openwrt/tmp/cca1aXTG.ltrans2.ltrans.o
 .text.d4_run_script_deconfig
                0x004172c0       0x14 /mnt/md0/miranda/openwrt/tmp/cca1aXTG.ltrans2.ltrans.o
 .text.raw_bcast_from_client_data_ifindex.lto_priv.0
                0x004172d4       0x18 /mnt/md0/miranda/openwrt/tmp/cca1aXTG.ltrans2.ltrans.o
                0x004172d5                raw_bcast_from_client_data_ifindex.lto_priv.0
 .text.dname_dec
                0x004172ec       0xf4 /mnt/md0/miranda/openwrt/tmp/cca1aXTG.ltrans2.ltrans.o
                0x004172ed                dname_dec
 .text.udhcp_end_option
                0x004173e0       0x18 /mnt/md0/miranda/openwrt/tmp/cca1aXTG.ltrans2.ltrans.o
                0x004173e1                udhcp_end_option
 .text.bcast_or_ucast
                0x004173f8      0x144 /mnt/md0/miranda/openwrt/tmp/cca1aXTG.ltrans2.ltrans.o
 .text.udhcp_add_binary_option
                0x0041753c       0x54 /mnt/md0/miranda/openwrt/tmp/cca1aXTG.ltrans2.ltrans.o
 .text.udhcp_add_simple_option
                0x00417590       0x78 /mnt/md0/miranda/openwrt/tmp/cca1aXTG.ltrans2.ltrans.o
                0x00417591                udhcp_add_simple_option
 .text.init_packet.lto_priv.0
                0x00417608       0xac /mnt/md0/miranda/openwrt/tmp/cca1aXTG.ltrans2.ltrans.o
                0x00417609                init_packet.lto_priv.0
 .text.add_client_options.lto_priv.0
                0x004176b4       0xac /mnt/md0/miranda/openwrt/tmp/cca1aXTG.ltrans2.ltrans.o
                0x004176b5                add_client_options.lto_priv.0
 .text.send_renew
                0x00417760       0x64 /mnt/md0/miranda/openwrt/tmp/cca1aXTG.ltrans2.ltrans.o
 .text.udhcp_find_option
                0x004177c4       0x1c /mnt/md0/miranda/openwrt/tmp/cca1aXTG.ltrans2.ltrans.o
                0x004177c5                udhcp_find_option
 .text.perform_release
                0x004177e0       0xd4 /mnt/md0/miranda/openwrt/tmp/cca1aXTG.ltrans2.ltrans.o
 .text.udhcpc_main
                0x004178b4      0xb14 /mnt/md0/miranda/openwrt/tmp/cca1aXTG.ltrans2.ltrans.o
                0x004178b5                udhcpc_main
 .text.isdigit_str9.lto_priv.0
                0x004183c8       0x20 /mnt/md0/miranda/openwrt/tmp/cca1aXTG.ltrans2.ltrans.o
                0x004183c9                isdigit_str9.lto_priv.0
 .text.raise_exception.lto_priv.0
                0x004183e8       0x20 /mnt/md0/miranda/openwrt/tmp/cca1aXTG.ltrans2.ltrans.o
                0x004183e9                raise_exception.lto_priv.0
 .text.raise_interrupt.lto_priv.0
                0x00418408       0x48 /mnt/md0/miranda/openwrt/tmp/cca1aXTG.ltrans2.ltrans.o
                0x00418409                raise_interrupt.lto_priv.0
 .text.signal_handler.lto_priv.1
                0x00418450       0x60 /mnt/md0/miranda/openwrt/tmp/cca1aXTG.ltrans2.ltrans.o
 .text.int_on.lto_priv.0
                0x004184b0       0x24 /mnt/md0/miranda/openwrt/tmp/cca1aXTG.ltrans2.ltrans.o
                0x004184b1                int_on.lto_priv.0
 .text.fmtstr   0x004184d4       0x30 /mnt/md0/miranda/openwrt/tmp/cca1aXTG.ltrans2.ltrans.o
 .text.sprint_status48
                0x00418504       0x94 /mnt/md0/miranda/openwrt/tmp/cca1aXTG.ltrans2.ltrans.o
 .text.out1str  0x00418598       0x28 /mnt/md0/miranda/openwrt/tmp/cca1aXTG.ltrans2.ltrans.o
 .text.freejob  0x004185c0       0x64 /mnt/md0/miranda/openwrt/tmp/cca1aXTG.ltrans2.ltrans.o
 .text.recordregion
                0x00418624       0x48 /mnt/md0/miranda/openwrt/tmp/cca1aXTG.ltrans2.ltrans.o
 .text.removerecordregions
                0x0041866c       0xac /mnt/md0/miranda/openwrt/tmp/cca1aXTG.ltrans2.ltrans.o
 .text.clearcmdentry
                0x00418718       0x6c /mnt/md0/miranda/openwrt/tmp/cca1aXTG.ltrans2.ltrans.o
 .text.changepath.lto_priv.0
                0x00418784       0x40 /mnt/md0/miranda/openwrt/tmp/cca1aXTG.ltrans2.ltrans.o
                0x00418785                changepath.lto_priv.0
 .text.force_int_on.lto_priv.0
                0x004187c4       0x20 /mnt/md0/miranda/openwrt/tmp/cca1aXTG.ltrans2.ltrans.o
                0x004187c5                force_int_on.lto_priv.0
 .text.flush_stdout_stderr.lto_priv.0
                0x004187e4       0x20 /mnt/md0/miranda/openwrt/tmp/cca1aXTG.ltrans2.ltrans.o
                0x004187e5                flush_stdout_stderr.lto_priv.0
 .text.newline_and_flush.lto_priv.0
                0x00418804       0x2c /mnt/md0/miranda/openwrt/tmp/cca1aXTG.ltrans2.ltrans.o
                0x00418805                newline_and_flush.lto_priv.0
 .text.showjob  0x00418830      0x17c /mnt/md0/miranda/openwrt/tmp/cca1aXTG.ltrans2.ltrans.o
 .text.out1fmt.lto_priv.0
                0x004189ac       0x28 /mnt/md0/miranda/openwrt/tmp/cca1aXTG.ltrans2.ltrans.o
                0x004189ad                out1fmt.lto_priv.0
 .text.out2str.lto_priv.0
                0x004189d4       0x2c /mnt/md0/miranda/openwrt/tmp/cca1aXTG.ltrans2.ltrans.o
                0x004189d5                out2str.lto_priv.0
 .text.dowait   0x00418a00      0x220 /mnt/md0/miranda/openwrt/tmp/cca1aXTG.ltrans2.ltrans.o
 .text.freefunc.lto_priv.0
                0x00418c20       0x1c /mnt/md0/miranda/openwrt/tmp/cca1aXTG.ltrans2.ltrans.o
                0x00418c21                freefunc.lto_priv.0
 .text.ash_vmsg.lto_priv.0
                0x00418c3c       0x78 /mnt/md0/miranda/openwrt/tmp/cca1aXTG.ltrans2.ltrans.o
                0x00418c3d                ash_vmsg.lto_priv.0
 .text.ash_msg_and_raise_error.lto_priv.0
                0x00418cb4       0x24 /mnt/md0/miranda/openwrt/tmp/cca1aXTG.ltrans2.ltrans.o
                0x00418cb5                ash_msg_and_raise_error.lto_priv.0
 .text.xtcsetpgrp
                0x00418cd8       0x1c /mnt/md0/miranda/openwrt/tmp/cca1aXTG.ltrans2.ltrans.o
 .text.xdup_CLOEXEC_and_close
                0x00418cf4       0x4c /mnt/md0/miranda/openwrt/tmp/cca1aXTG.ltrans2.ltrans.o
 .text.raise_error_syntax.lto_priv.0
                0x00418d40       0x24 /mnt/md0/miranda/openwrt/tmp/cca1aXTG.ltrans2.ltrans.o
                0x00418d41                raise_error_syntax.lto_priv.0
 .text.ash_msg.lto_priv.0
                0x00418d64       0x10 /mnt/md0/miranda/openwrt/tmp/cca1aXTG.ltrans2.ltrans.o
                0x00418d65                ash_msg.lto_priv.0
 .text.errmsg.lto_priv.0
                0x00418d74       0x18 /mnt/md0/miranda/openwrt/tmp/cca1aXTG.ltrans2.ltrans.o
                0x00418d75                errmsg.lto_priv.0
 .text.stalloc.lto_priv.0
                0x00418d8c       0x6c /mnt/md0/miranda/openwrt/tmp/cca1aXTG.ltrans2.ltrans.o
                0x00418d8d                stalloc.lto_priv.0
 .text.pushstackmark
                0x00418df8       0x24 /mnt/md0/miranda/openwrt/tmp/cca1aXTG.ltrans2.ltrans.o
 .text.growstackblock
                0x00418e1c       0xb8 /mnt/md0/miranda/openwrt/tmp/cca1aXTG.ltrans2.ltrans.o
 .text.stzalloc.lto_priv.0
                0x00418ed4       0x18 /mnt/md0/miranda/openwrt/tmp/cca1aXTG.ltrans2.ltrans.o
                0x00418ed5                stzalloc.lto_priv.0
 .text.sstrdup.lto_priv.0
                0x00418eec       0x34 /mnt/md0/miranda/openwrt/tmp/cca1aXTG.ltrans2.ltrans.o
                0x00418eed                sstrdup.lto_priv.0
 .text.addfname
                0x00418f20       0x24 /mnt/md0/miranda/openwrt/tmp/cca1aXTG.ltrans2.ltrans.o
 .text.expmeta  0x00418f44      0x218 /mnt/md0/miranda/openwrt/tmp/cca1aXTG.ltrans2.ltrans.o
 .text.setstackmark.lto_priv.0
                0x0041915c       0x30 /mnt/md0/miranda/openwrt/tmp/cca1aXTG.ltrans2.ltrans.o
                0x0041915d                setstackmark.lto_priv.0
 .text.popstackmark.lto_priv.0
                0x0041918c       0x48 /mnt/md0/miranda/openwrt/tmp/cca1aXTG.ltrans2.ltrans.o
                0x0041918d                popstackmark.lto_priv.0
 .text.growstackstr.lto_priv.0
                0x004191d4       0x1c /mnt/md0/miranda/openwrt/tmp/cca1aXTG.ltrans2.ltrans.o
                0x004191d5                growstackstr.lto_priv.0
 .text.growstackto.lto_priv.0
                0x004191f0       0x1c /mnt/md0/miranda/openwrt/tmp/cca1aXTG.ltrans2.ltrans.o
                0x004191f1                growstackto.lto_priv.0
 .text.makestrspace.lto_priv.0
                0x0041920c       0x1c /mnt/md0/miranda/openwrt/tmp/cca1aXTG.ltrans2.ltrans.o
                0x0041920d                makestrspace.lto_priv.0
 .text.stnputs  0x00419228       0x1c /mnt/md0/miranda/openwrt/tmp/cca1aXTG.ltrans2.ltrans.o
 .text.cmdputs  0x00419244      0x150 /mnt/md0/miranda/openwrt/tmp/cca1aXTG.ltrans2.ltrans.o
 .text.cmdtxt   0x00419394      0x290 /mnt/md0/miranda/openwrt/tmp/cca1aXTG.ltrans2.ltrans.o
 .text.memtodest
                0x00419624       0x9c /mnt/md0/miranda/openwrt/tmp/cca1aXTG.ltrans2.ltrans.o
 .text.strtodest
                0x004196c0       0x1c /mnt/md0/miranda/openwrt/tmp/cca1aXTG.ltrans2.ltrans.o
 .text.cvtnum   0x004196dc       0x24 /mnt/md0/miranda/openwrt/tmp/cca1aXTG.ltrans2.ltrans.o
 .text.stack_putstr.lto_priv.0
                0x00419700       0x18 /mnt/md0/miranda/openwrt/tmp/cca1aXTG.ltrans2.ltrans.o
                0x00419701                stack_putstr.lto_priv.0
 .text._STPUTC.lto_priv.0
                0x00419718       0x24 /mnt/md0/miranda/openwrt/tmp/cca1aXTG.ltrans2.ltrans.o
                0x00419719                _STPUTC.lto_priv.0
 .text.is_number.lto_priv.0
                0x0041973c       0x18 /mnt/md0/miranda/openwrt/tmp/cca1aXTG.ltrans2.ltrans.o
                0x0041973d                is_number.lto_priv.0
 .text.getjob   0x00419754       0xf4 /mnt/md0/miranda/openwrt/tmp/cca1aXTG.ltrans2.ltrans.o
 .text.killcmd.lto_priv.0
                0x00419848       0xe8 /mnt/md0/miranda/openwrt/tmp/cca1aXTG.ltrans2.ltrans.o
                0x00419849                killcmd.lto_priv.0
 .text.number.lto_priv.0
                0x00419930       0x20 /mnt/md0/miranda/openwrt/tmp/cca1aXTG.ltrans2.ltrans.o
                0x00419931                number.lto_priv.0
 .text.getoptsreset.lto_priv.0
                0x00419950       0x2c /mnt/md0/miranda/openwrt/tmp/cca1aXTG.ltrans2.ltrans.o
                0x00419951                getoptsreset.lto_priv.0
 .text.single_quote.lto_priv.0
                0x0041997c       0x8c /mnt/md0/miranda/openwrt/tmp/cca1aXTG.ltrans2.ltrans.o
                0x0041997d                single_quote.lto_priv.0
 .text.printalias
                0x00419a08       0x1c /mnt/md0/miranda/openwrt/tmp/cca1aXTG.ltrans2.ltrans.o
 .text.maybe_single_quote.lto_priv.0
                0x00419a24       0x34 /mnt/md0/miranda/openwrt/tmp/cca1aXTG.ltrans2.ltrans.o
                0x00419a25                maybe_single_quote.lto_priv.0
 .text.nextopt.lto_priv.0
                0x00419a58       0x90 /mnt/md0/miranda/openwrt/tmp/cca1aXTG.ltrans2.ltrans.o
                0x00419a59                nextopt.lto_priv.0
 .text.cdopt    0x00419ae8       0x28 /mnt/md0/miranda/openwrt/tmp/cca1aXTG.ltrans2.ltrans.o
 .text.waitcmd.lto_priv.0
                0x00419b10      0x110 /mnt/md0/miranda/openwrt/tmp/cca1aXTG.ltrans2.ltrans.o
                0x00419b11                waitcmd.lto_priv.0
 .text.freeparam.lto_priv.0
                0x00419c20       0x24 /mnt/md0/miranda/openwrt/tmp/cca1aXTG.ltrans2.ltrans.o
                0x00419c21                freeparam.lto_priv.0
 .text.varcmp.lto_priv.0
                0x00419c44       0x24 /mnt/md0/miranda/openwrt/tmp/cca1aXTG.ltrans2.ltrans.o
                0x00419c45                varcmp.lto_priv.0
 .text.vpcmp.lto_priv.0
                0x00419c68       0x10 /mnt/md0/miranda/openwrt/tmp/cca1aXTG.ltrans2.ltrans.o
                0x00419c69                vpcmp.lto_priv.0
 .text.hashvar.lto_priv.0
                0x00419c78       0x2c /mnt/md0/miranda/openwrt/tmp/cca1aXTG.ltrans2.ltrans.o
                0x00419c79                hashvar.lto_priv.0
 .text.findvar.lto_priv.0
                0x00419ca4       0x20 /mnt/md0/miranda/openwrt/tmp/cca1aXTG.ltrans2.ltrans.o
                0x00419ca5                findvar.lto_priv.0
 .text.lookupvar.lto_priv.0
                0x00419cc4       0x88 /mnt/md0/miranda/openwrt/tmp/cca1aXTG.ltrans2.ltrans.o
                0x00419cc5                lookupvar.lto_priv.0
 .text.setvareq.lto_priv.0
                0x00419d4c      0x120 /mnt/md0/miranda/openwrt/tmp/cca1aXTG.ltrans2.ltrans.o
                0x00419d4d                setvareq.lto_priv.0
 .text.setvar.lto_priv.0
                0x00419e6c       0xa8 /mnt/md0/miranda/openwrt/tmp/cca1aXTG.ltrans2.ltrans.o
                0x00419e6d                setvar.lto_priv.0
 .text.setvar0.lto_priv.0
                0x00419f14        0xc /mnt/md0/miranda/openwrt/tmp/cca1aXTG.ltrans2.ltrans.o
                0x00419f15                setvar0.lto_priv.0
 .text.unsetvar.lto_priv.0
                0x00419f20       0x10 /mnt/md0/miranda/openwrt/tmp/cca1aXTG.ltrans2.ltrans.o
                0x00419f21                unsetvar.lto_priv.0
 .text.padvance.lto_priv.0
                0x00419f30       0xd8 /mnt/md0/miranda/openwrt/tmp/cca1aXTG.ltrans2.ltrans.o
                0x00419f31                padvance.lto_priv.0
 .text.setprompt_if.lto_priv.0
                0x0041a008       0x74 /mnt/md0/miranda/openwrt/tmp/cca1aXTG.ltrans2.ltrans.o
                0x0041a009                setprompt_if.lto_priv.0
 .text.setpwd.lto_priv.0
                0x0041a07c       0xa4 /mnt/md0/miranda/openwrt/tmp/cca1aXTG.ltrans2.ltrans.o
                0x0041a07d                setpwd.lto_priv.0
 .text.cdcmd.lto_priv.0
                0x0041a120      0x27c /mnt/md0/miranda/openwrt/tmp/cca1aXTG.ltrans2.ltrans.o
                0x0041a121                cdcmd.lto_priv.0
 .text.pwdcmd.lto_priv.0
                0x0041a39c       0x38 /mnt/md0/miranda/openwrt/tmp/cca1aXTG.ltrans2.ltrans.o
                0x0041a39d                pwdcmd.lto_priv.0
 .text.__lookupalias.lto_priv.0
                0x0041a3d4       0x40 /mnt/md0/miranda/openwrt/tmp/cca1aXTG.ltrans2.ltrans.o
                0x0041a3d5                __lookupalias.lto_priv.0
 .text.aliascmd.lto_priv.0
                0x0041a414       0xe8 /mnt/md0/miranda/openwrt/tmp/cca1aXTG.ltrans2.ltrans.o
                0x0041a415                aliascmd.lto_priv.0
 .text.unalias.lto_priv.0
                0x0041a4fc       0x34 /mnt/md0/miranda/openwrt/tmp/cca1aXTG.ltrans2.ltrans.o
                0x0041a4fd                unalias.lto_priv.0
 .text.unaliascmd.lto_priv.0
                0x0041a530       0x9c /mnt/md0/miranda/openwrt/tmp/cca1aXTG.ltrans2.ltrans.o
                0x0041a531                unaliascmd.lto_priv.0
 .text.setsignal.lto_priv.0
                0x0041a5cc      0x11c /mnt/md0/miranda/openwrt/tmp/cca1aXTG.ltrans2.ltrans.o
                0x0041a5cd                setsignal.lto_priv.0
 .text.forkchild
                0x0041a6e8      0x1e4 /mnt/md0/miranda/openwrt/tmp/cca1aXTG.ltrans2.ltrans.o
 .text.setjobctl.lto_priv.0
                0x0041a8cc      0x130 /mnt/md0/miranda/openwrt/tmp/cca1aXTG.ltrans2.ltrans.o
                0x0041a8cd                setjobctl.lto_priv.0
 .text.showjobs.lto_priv.0
                0x0041a9fc       0x34 /mnt/md0/miranda/openwrt/tmp/cca1aXTG.ltrans2.ltrans.o
                0x0041a9fd                showjobs.lto_priv.0
 .text.jobscmd.lto_priv.0
                0x0041aa30       0x50 /mnt/md0/miranda/openwrt/tmp/cca1aXTG.ltrans2.ltrans.o
                0x0041aa31                jobscmd.lto_priv.0
 .text.makejob.lto_priv.0
                0x0041aa80      0x10c /mnt/md0/miranda/openwrt/tmp/cca1aXTG.ltrans2.ltrans.o
                0x0041aa81                makejob.lto_priv.0
 .text.forkshell.lto_priv.0
                0x0041ab8c       0xd0 /mnt/md0/miranda/openwrt/tmp/cca1aXTG.ltrans2.ltrans.o
                0x0041ab8d                forkshell.lto_priv.0
 .text.waitforjob.lto_priv.0
                0x0041ac5c       0x60 /mnt/md0/miranda/openwrt/tmp/cca1aXTG.ltrans2.ltrans.o
                0x0041ac5d                waitforjob.lto_priv.0
 .text.fg_bgcmd.lto_priv.0
                0x0041acbc      0x118 /mnt/md0/miranda/openwrt/tmp/cca1aXTG.ltrans2.ltrans.o
                0x0041acbd                fg_bgcmd.lto_priv.0
 .text.stoppedjobs.lto_priv.0
                0x0041add4       0x3c /mnt/md0/miranda/openwrt/tmp/cca1aXTG.ltrans2.ltrans.o
                0x0041add5                stoppedjobs.lto_priv.0
 .text.popredir.lto_priv.0
                0x0041ae10       0x80 /mnt/md0/miranda/openwrt/tmp/cca1aXTG.ltrans2.ltrans.o
                0x0041ae11                popredir.lto_priv.0
 .text.ash_arith.lto_priv.0
                0x0041ae90       0x48 /mnt/md0/miranda/openwrt/tmp/cca1aXTG.ltrans2.ltrans.o
                0x0041ae91                ash_arith.lto_priv.0
 .text.ifsfree.lto_priv.0
                0x0041aed8       0x38 /mnt/md0/miranda/openwrt/tmp/cca1aXTG.ltrans2.ltrans.o
                0x0041aed9                ifsfree.lto_priv.0
 .text.varvalue
                0x0041af10      0x1d8 /mnt/md0/miranda/openwrt/tmp/cca1aXTG.ltrans2.ltrans.o
 .text.rmescapes.lto_priv.0
                0x0041b0e8      0x13c /mnt/md0/miranda/openwrt/tmp/cca1aXTG.ltrans2.ltrans.o
                0x0041b0e9                rmescapes.lto_priv.0
 .text.shellexec.lto_priv.0
                0x0041b224       0xc8 /mnt/md0/miranda/openwrt/tmp/cca1aXTG.ltrans2.ltrans.o
                0x0041b225                shellexec.lto_priv.0
 .text.cmdlookup.lto_priv.0
                0x0041b2ec       0x80 /mnt/md0/miranda/openwrt/tmp/cca1aXTG.ltrans2.ltrans.o
                0x0041b2ed                cmdlookup.lto_priv.0
 .text.delete_cmd_entry.lto_priv.0
                0x0041b36c       0x3c /mnt/md0/miranda/openwrt/tmp/cca1aXTG.ltrans2.ltrans.o
                0x0041b36d                delete_cmd_entry.lto_priv.0
 .text.hashcmd.lto_priv.0
                0x0041b3a8      0x108 /mnt/md0/miranda/openwrt/tmp/cca1aXTG.ltrans2.ltrans.o
                0x0041b3a9                hashcmd.lto_priv.0
 .text.findkwd.lto_priv.0
                0x0041b4b0       0x1c /mnt/md0/miranda/openwrt/tmp/cca1aXTG.ltrans2.ltrans.o
                0x0041b4b1                findkwd.lto_priv.0
 .text.describe_command
                0x0041b4cc      0x124 /mnt/md0/miranda/openwrt/tmp/cca1aXTG.ltrans2.ltrans.o
 .text.typecmd.lto_priv.0
                0x0041b5f0       0x38 /mnt/md0/miranda/openwrt/tmp/cca1aXTG.ltrans2.ltrans.o
                0x0041b5f1                typecmd.lto_priv.0
 .text.commandcmd.lto_priv.0
                0x0041b628       0x44 /mnt/md0/miranda/openwrt/tmp/cca1aXTG.ltrans2.ltrans.o
                0x0041b629                commandcmd.lto_priv.0
 .text.expredir.lto_priv.0
                0x0041b66c       0xa0 /mnt/md0/miranda/openwrt/tmp/cca1aXTG.ltrans2.ltrans.o
                0x0041b66d                expredir.lto_priv.0
 .text.evaltree.lto_priv.0
                0x0041b70c      0x26c /mnt/md0/miranda/openwrt/tmp/cca1aXTG.ltrans2.ltrans.o
                0x0041b70d                evaltree.lto_priv.0
 .text.argstr   0x0041b978      0x538 /mnt/md0/miranda/openwrt/tmp/cca1aXTG.ltrans2.ltrans.o
 .text.evalvar  0x0041beb0      0x1c4 /mnt/md0/miranda/openwrt/tmp/cca1aXTG.ltrans2.ltrans.o
 .text.expandarg.lto_priv.0
                0x0041c074      0x2f8 /mnt/md0/miranda/openwrt/tmp/cca1aXTG.ltrans2.ltrans.o
                0x0041c075                expandarg.lto_priv.0
 .text.redirect.lto_priv.0
                0x0041c36c      0x38c /mnt/md0/miranda/openwrt/tmp/cca1aXTG.ltrans2.ltrans.o
                0x0041c36d                redirect.lto_priv.0
 .text.fill_arglist.lto_priv.0
                0x0041c6f8       0x28 /mnt/md0/miranda/openwrt/tmp/cca1aXTG.ltrans2.ltrans.o
                0x0041c6f9                fill_arglist.lto_priv.0
 .text.evalpipe
                0x0041c720      0x10c /mnt/md0/miranda/openwrt/tmp/cca1aXTG.ltrans2.ltrans.o
 .text.evalfor  0x0041c82c       0x88 /mnt/md0/miranda/openwrt/tmp/cca1aXTG.ltrans2.ltrans.o
 .text.evalloop
                0x0041c8b4       0x60 /mnt/md0/miranda/openwrt/tmp/cca1aXTG.ltrans2.ltrans.o
 .text.evalcase
                0x0041c914       0xc4 /mnt/md0/miranda/openwrt/tmp/cca1aXTG.ltrans2.ltrans.o
 .text.evalsubshell
                0x0041c9d8       0xa8 /mnt/md0/miranda/openwrt/tmp/cca1aXTG.ltrans2.ltrans.o
 .text.optschanged.lto_priv.0
                0x0041ca80       0xa4 /mnt/md0/miranda/openwrt/tmp/cca1aXTG.ltrans2.ltrans.o
                0x0041ca81                optschanged.lto_priv.0
 .text.falsecmd.lto_priv.0
                0x0041cb24        0x4 /mnt/md0/miranda/openwrt/tmp/cca1aXTG.ltrans3.ltrans.o
                0x0041cb25                falsecmd.lto_priv.0
 .text.truecmd.lto_priv.0
                0x0041cb28        0x4 /mnt/md0/miranda/openwrt/tmp/cca1aXTG.ltrans3.ltrans.o
                0x0041cb29                truecmd.lto_priv.0
 .text.get_builtin_name.lto_priv.0
                0x0041cb2c       0x18 /mnt/md0/miranda/openwrt/tmp/cca1aXTG.ltrans3.ltrans.o
                0x0041cb2d                get_builtin_name.lto_priv.0
 .text.bltincmd
                0x0041cb44        0xc /mnt/md0/miranda/openwrt/tmp/cca1aXTG.ltrans3.ltrans.o
 .text.nlnoprompt
                0x0041cb50       0x30 /mnt/md0/miranda/openwrt/tmp/cca1aXTG.ltrans3.ltrans.o
 .text.pungetc  0x0041cb80       0x10 /mnt/md0/miranda/openwrt/tmp/cca1aXTG.ltrans3.ltrans.o
 .text.unwindlocalvars
                0x0041cb90       0xc8 /mnt/md0/miranda/openwrt/tmp/cca1aXTG.ltrans3.ltrans.o
 .text.popstring
                0x0041cc58       0x90 /mnt/md0/miranda/openwrt/tmp/cca1aXTG.ltrans3.ltrans.o
 .text.evalfun  0x0041cce8      0x124 /mnt/md0/miranda/openwrt/tmp/cca1aXTG.ltrans3.ltrans.o
 .text.pushfile
                0x0041ce0c       0x20 /mnt/md0/miranda/openwrt/tmp/cca1aXTG.ltrans3.ltrans.o
 .text.mklocal  0x0041ce2c      0x100 /mnt/md0/miranda/openwrt/tmp/cca1aXTG.ltrans3.ltrans.o
 .text.localcmd
                0x0041cf2c       0x34 /mnt/md0/miranda/openwrt/tmp/cca1aXTG.ltrans3.ltrans.o
 .text.execcmd  0x0041cf60       0x6c /mnt/md0/miranda/openwrt/tmp/cca1aXTG.ltrans3.ltrans.o
 .text.returncmd
                0x0041cfcc       0x2c /mnt/md0/miranda/openwrt/tmp/cca1aXTG.ltrans3.ltrans.o
 .text.breakcmd
                0x0041cff8       0x58 /mnt/md0/miranda/openwrt/tmp/cca1aXTG.ltrans3.ltrans.o
 .text.shiftcmd
                0x0041d050       0x8c /mnt/md0/miranda/openwrt/tmp/cca1aXTG.ltrans3.ltrans.o
 .text.echocmd  0x0041d0dc        0xc /mnt/md0/miranda/openwrt/tmp/cca1aXTG.ltrans3.ltrans.o
 .text.printfcmd
                0x0041d0e8        0xc /mnt/md0/miranda/openwrt/tmp/cca1aXTG.ltrans3.ltrans.o
 .text.testcmd  0x0041d0f4        0xc /mnt/md0/miranda/openwrt/tmp/cca1aXTG.ltrans3.ltrans.o
 .text.pstrcmp1
                0x0041d100       0x10 /mnt/md0/miranda/openwrt/tmp/cca1aXTG.ltrans3.ltrans.o
 .text.set_discard_flag
                0x0041d110       0x6c /mnt/md0/miranda/openwrt/tmp/cca1aXTG.ltrans3.ltrans.o
 .text.pushstring
                0x0041d17c       0xa4 /mnt/md0/miranda/openwrt/tmp/cca1aXTG.ltrans3.ltrans.o
 .text.setinputstring
                0x0041d220       0x48 /mnt/md0/miranda/openwrt/tmp/cca1aXTG.ltrans3.ltrans.o
 .text.nlprompt
                0x0041d268       0x30 /mnt/md0/miranda/openwrt/tmp/cca1aXTG.ltrans3.ltrans.o
 .text.freestrings
                0x0041d298       0x58 /mnt/md0/miranda/openwrt/tmp/cca1aXTG.ltrans3.ltrans.o
 .text.historycmd
                0x0041d2f0       0x3c /mnt/md0/miranda/openwrt/tmp/cca1aXTG.ltrans3.ltrans.o
 .text.__pgetc  0x0041d32c      0x71c /mnt/md0/miranda/openwrt/tmp/cca1aXTG.ltrans3.ltrans.o
 .text.pgetc    0x0041da48       0x20 /mnt/md0/miranda/openwrt/tmp/cca1aXTG.ltrans3.ltrans.o
 .text.pgetc_eatbnl
                0x0041da68       0x2c /mnt/md0/miranda/openwrt/tmp/cca1aXTG.ltrans3.ltrans.o
 .text.setparam
                0x0041da94       0x54 /mnt/md0/miranda/openwrt/tmp/cca1aXTG.ltrans3.ltrans.o
 .text.popfile  0x0041dae8       0x64 /mnt/md0/miranda/openwrt/tmp/cca1aXTG.ltrans3.ltrans.o
 .text.setinputfile
                0x0041db4c       0xbc /mnt/md0/miranda/openwrt/tmp/cca1aXTG.ltrans3.ltrans.o
 .text.options  0x0041dc08      0x1e0 /mnt/md0/miranda/openwrt/tmp/cca1aXTG.ltrans3.ltrans.o
 .text.showvars
                0x0041dde8       0x84 /mnt/md0/miranda/openwrt/tmp/cca1aXTG.ltrans3.ltrans.o
 .text.setcmd   0x0041de6c       0x50 /mnt/md0/miranda/openwrt/tmp/cca1aXTG.ltrans3.ltrans.o
 .text.exportcmd
                0x0041debc       0x98 /mnt/md0/miranda/openwrt/tmp/cca1aXTG.ltrans3.ltrans.o
 .text.change_random
                0x0041df54       0xe0 /mnt/md0/miranda/openwrt/tmp/cca1aXTG.ltrans3.ltrans.o
 .text.change_epoch
                0x0041e034       0x44 /mnt/md0/miranda/openwrt/tmp/cca1aXTG.ltrans3.ltrans.o
 .text.change_seconds
                0x0041e078       0x20 /mnt/md0/miranda/openwrt/tmp/cca1aXTG.ltrans3.ltrans.o
 .text.change_realtime
                0x0041e098       0x20 /mnt/md0/miranda/openwrt/tmp/cca1aXTG.ltrans3.ltrans.o
 .text.getoptscmd
                0x0041e0b8      0x210 /mnt/md0/miranda/openwrt/tmp/cca1aXTG.ltrans3.ltrans.o
 .text.tokname  0x0041e2c8       0x28 /mnt/md0/miranda/openwrt/tmp/cca1aXTG.ltrans3.ltrans.o
 .text.raise_error_unexpected_syntax
                0x0041e2f0       0x50 /mnt/md0/miranda/openwrt/tmp/cca1aXTG.ltrans3.ltrans.o
 .text.makename
                0x0041e340       0x24 /mnt/md0/miranda/openwrt/tmp/cca1aXTG.ltrans3.ltrans.o
 .text.set_priority_flag
                0x0041e364       0x4c /mnt/md0/miranda/openwrt/tmp/cca1aXTG.ltrans3.ltrans.o
 .text.readtoken
                0x0041e3b0       0xac /mnt/md0/miranda/openwrt/tmp/cca1aXTG.ltrans3.ltrans.o
 .text.parsefname
                0x0041e45c       0xbc /mnt/md0/miranda/openwrt/tmp/cca1aXTG.ltrans3.ltrans.o
 .text.readtoken1
                0x0041e518      0xdac /mnt/md0/miranda/openwrt/tmp/cca1aXTG.ltrans3.ltrans.o
 .text.xxreadtoken
                0x0041f2c4       0xc8 /mnt/md0/miranda/openwrt/tmp/cca1aXTG.ltrans3.ltrans.o
 .text.parseheredoc
                0x0041f38c       0x7c /mnt/md0/miranda/openwrt/tmp/cca1aXTG.ltrans3.ltrans.o
 .text.list     0x0041f408      0x148 /mnt/md0/miranda/openwrt/tmp/cca1aXTG.ltrans3.ltrans.o
 .text.parse_command
                0x0041f550      0x570 /mnt/md0/miranda/openwrt/tmp/cca1aXTG.ltrans3.ltrans.o
 .text.pipeline
                0x0041fac0       0x98 /mnt/md0/miranda/openwrt/tmp/cca1aXTG.ltrans3.ltrans.o
 .text.parsecmd
                0x0041fb58       0x40 /mnt/md0/miranda/openwrt/tmp/cca1aXTG.ltrans3.ltrans.o
 .text.exitcmd  0x0041fb98       0x28 /mnt/md0/miranda/openwrt/tmp/cca1aXTG.ltrans3.ltrans.o
 .text.cmdloop  0x0041fbc0       0xd0 /mnt/md0/miranda/openwrt/tmp/cca1aXTG.ltrans3.ltrans.o
 .text.dotcmd   0x0041fc90      0x104 /mnt/md0/miranda/openwrt/tmp/cca1aXTG.ltrans3.ltrans.o
 .text.unsetcmd
                0x0041fd94       0x50 /mnt/md0/miranda/openwrt/tmp/cca1aXTG.ltrans3.ltrans.o
 .text.trapcmd  0x0041fde4      0x140 /mnt/md0/miranda/openwrt/tmp/cca1aXTG.ltrans3.ltrans.o
 .text.timescmd
                0x0041ff24       0x64 /mnt/md0/miranda/openwrt/tmp/cca1aXTG.ltrans3.ltrans.o
 .text.letcmd   0x0041ff88       0x2c /mnt/md0/miranda/openwrt/tmp/cca1aXTG.ltrans3.ltrans.o
 .text.readcmd  0x0041ffb4      0x4d4 /mnt/md0/miranda/openwrt/tmp/cca1aXTG.ltrans3.ltrans.o
 .text.umaskcmd
                0x00420488      0x108 /mnt/md0/miranda/openwrt/tmp/cca1aXTG.ltrans3.ltrans.o
 .text.printlim
                0x00420590       0x44 /mnt/md0/miranda/openwrt/tmp/cca1aXTG.ltrans3.ltrans.o
 .text.ulimitcmd
                0x004205d4      0x210 /mnt/md0/miranda/openwrt/tmp/cca1aXTG.ltrans3.ltrans.o
 .text.exitreset
                0x004207e4       0x58 /mnt/md0/miranda/openwrt/tmp/cca1aXTG.ltrans3.ltrans.o
 .text.init     0x0042083c      0x158 /mnt/md0/miranda/openwrt/tmp/cca1aXTG.ltrans3.ltrans.o
 .text.decode   0x00420994       0x34 /mnt/md0/miranda/openwrt/tmp/cca1aXTG.ltrans3.ltrans.o
 .text.logger_main
                0x004209c8      0x148 /mnt/md0/miranda/openwrt/tmp/cca1aXTG.ltrans3.ltrans.o
                0x004209c9                logger_main
 .text.dmesg_main
                0x00420b10       0xe4 /mnt/md0/miranda/openwrt/tmp/cca1aXTG.ltrans3.ltrans.o
                0x00420b11                dmesg_main
 .text.flock_main
                0x00420bf4      0x120 /mnt/md0/miranda/openwrt/tmp/cca1aXTG.ltrans3.ltrans.o
                0x00420bf5                flock_main
 .text.read_rtc
                0x00420d14       0x84 /mnt/md0/miranda/openwrt/tmp/cca1aXTG.ltrans3.ltrans.o
 .text.set_kernel_tz
                0x00420d98       0x20 /mnt/md0/miranda/openwrt/tmp/cca1aXTG.ltrans3.ltrans.o
 .text.set_kernel_timezone_and_clock
                0x00420db8       0x44 /mnt/md0/miranda/openwrt/tmp/cca1aXTG.ltrans3.ltrans.o
 .text.hwclock_main
                0x00420dfc      0x10c /mnt/md0/miranda/openwrt/tmp/cca1aXTG.ltrans3.ltrans.o
                0x00420dfd                hwclock_main
 .text.append_mount_options
                0x00420f08       0x84 /mnt/md0/miranda/openwrt/tmp/cca1aXTG.ltrans3.ltrans.o
 .text.parse_mount_options
                0x00420f8c       0xe8 /mnt/md0/miranda/openwrt/tmp/cca1aXTG.ltrans3.ltrans.o
 .text.mount_it_now
                0x00421074       0xf4 /mnt/md0/miranda/openwrt/tmp/cca1aXTG.ltrans3.ltrans.o
 .text.cut_out_ull_opt
                0x00421168       0x88 /mnt/md0/miranda/openwrt/tmp/cca1aXTG.ltrans3.ltrans.o
 .text.singlemount
                0x004211f0      0x664 /mnt/md0/miranda/openwrt/tmp/cca1aXTG.ltrans3.ltrans.o
 .text.mount_main
                0x00421854      0x320 /mnt/md0/miranda/openwrt/tmp/cca1aXTG.ltrans3.ltrans.o
                0x00421855                mount_main
 .text.pivot_root_main
                0x00421b74       0x28 /mnt/md0/miranda/openwrt/tmp/cca1aXTG.ltrans3.ltrans.o
                0x00421b75                pivot_root_main
 .text.swap_enable_disable
                0x00421b9c       0xa0 /mnt/md0/miranda/openwrt/tmp/cca1aXTG.ltrans3.ltrans.o
 .text.swap_on_off_main
                0x00421c3c      0x190 /mnt/md0/miranda/openwrt/tmp/cca1aXTG.ltrans3.ltrans.o
                0x00421c3d                swap_on_off_main
 .text.unwindfiles.lto_priv.0
                0x00421dcc       0x1c /mnt/md0/miranda/openwrt/tmp/cca1aXTG.ltrans3.ltrans.o
                0x00421dcd                unwindfiles.lto_priv.0
 .text.expandstr.lto_priv.0
                0x00421de8       0xc4 /mnt/md0/miranda/openwrt/tmp/cca1aXTG.ltrans3.ltrans.o
                0x00421de9                expandstr.lto_priv.0
 .text.read_profile
                0x00421eac       0x24 /mnt/md0/miranda/openwrt/tmp/cca1aXTG.ltrans3.ltrans.o
 .text.evalstring.lto_priv.0
                0x00421ed0       0xc0 /mnt/md0/miranda/openwrt/tmp/cca1aXTG.ltrans3.ltrans.o
                0x00421ed1                evalstring.lto_priv.0
 .text.evalbltin
                0x00421f90       0xf8 /mnt/md0/miranda/openwrt/tmp/cca1aXTG.ltrans3.ltrans.o
 .text.exitshell
                0x00422088       0x78 /mnt/md0/miranda/openwrt/tmp/cca1aXTG.ltrans3.ltrans.o
 .text.ash_main
                0x00422100      0x358 /mnt/md0/miranda/openwrt/tmp/cca1aXTG.ltrans3.ltrans.o
                0x00422101                ash_main
 .text.find_command.lto_priv.0
                0x00422458      0x290 /mnt/md0/miranda/openwrt/tmp/cca1aXTG.ltrans3.ltrans.o
                0x00422459                find_command.lto_priv.0
 .text.evalcommand.lto_priv.0
                0x004226e8      0x4a4 /mnt/md0/miranda/openwrt/tmp/cca1aXTG.ltrans3.ltrans.o
                0x004226e9                evalcommand.lto_priv.0
 .text.evaluate_string.lto_priv.0
                0x00422b8c      0x2e8 /mnt/md0/miranda/openwrt/tmp/cca1aXTG.ltrans3.ltrans.o
                0x00422b8d                evaluate_string.lto_priv.0
 .text.arith_lookup_val
                0x00422e74       0x6c /mnt/md0/miranda/openwrt/tmp/cca1aXTG.ltrans3.ltrans.o
 .text.arith_apply
                0x00422ee0      0x490 /mnt/md0/miranda/openwrt/tmp/cca1aXTG.ltrans3.ltrans.o
 .text.init_block
                0x00423370       0x60 /mnt/md0/miranda/openwrt/tmp/cca1aXTG.ltrans4.ltrans.o
 .text.pqdownheap
                0x004233d0       0xa0 /mnt/md0/miranda/openwrt/tmp/cca1aXTG.ltrans4.ltrans.o
 .text.gen_codes
                0x00423470       0x64 /mnt/md0/miranda/openwrt/tmp/cca1aXTG.ltrans4.ltrans.o
 .text.build_tree
                0x004234d4      0x2c8 /mnt/md0/miranda/openwrt/tmp/cca1aXTG.ltrans4.ltrans.o
 .text.scan_tree
                0x0042379c       0xd8 /mnt/md0/miranda/openwrt/tmp/cca1aXTG.ltrans4.ltrans.o
 .text.ct_tally
                0x00423874      0x134 /mnt/md0/miranda/openwrt/tmp/cca1aXTG.ltrans4.ltrans.o
 .text.header_skip
                0x004239a8        0x4 /mnt/md0/miranda/openwrt/tmp/cca1aXTG.ltrans4.ltrans.o
 .text.data_skip
                0x004239ac       0x14 /mnt/md0/miranda/openwrt/tmp/cca1aXTG.ltrans4.ltrans.o
 .text.filter_accept_all
                0x004239c0        0xc /mnt/md0/miranda/openwrt/tmp/cca1aXTG.ltrans4.ltrans.o
 .text.calculate_gunzip_crc
                0x004239cc       0x3c /mnt/md0/miranda/openwrt/tmp/cca1aXTG.ltrans4.ltrans.o
 .text.buffer_read_le_u32
                0x00423a08       0x24 /mnt/md0/miranda/openwrt/tmp/cca1aXTG.ltrans4.ltrans.o
 .text.cmpfunc  0x00423a2c        0x8 /mnt/md0/miranda/openwrt/tmp/cca1aXTG.ltrans4.ltrans.o